Component: ARM Compiler 5.06 update 7 (build 960) Tool: armlink [4d3601]

==============================================================================

Section Cross References

    startup_stm32f407xx.o(STACK) refers (Special) to heapauxi.o(.text) for __use_two_region_memory
    startup_stm32f407xx.o(HEAP) refers (Special) to heapauxi.o(.text) for __use_two_region_memory
    startup_stm32f407xx.o(RESET) refers (Special) to heapauxi.o(.text) for __use_two_region_memory
    startup_stm32f407xx.o(RESET) refers to startup_stm32f407xx.o(STACK) for __initial_sp
    startup_stm32f407xx.o(RESET) refers to startup_stm32f407xx.o(.text) for Reset_Handler
    startup_stm32f407xx.o(RESET) refers to stm32f4xx_it.o(i.NMI_Handler) for NMI_Handler
    startup_stm32f407xx.o(RESET) refers to stm32f4xx_it.o(i.HardFault_Handler) for HardFault_Handler
    startup_stm32f407xx.o(RESET) refers to stm32f4xx_it.o(i.MemManage_Handler) for MemManage_Handler
    startup_stm32f407xx.o(RESET) refers to stm32f4xx_it.o(i.BusFault_Handler) for BusFault_Handler
    startup_stm32f407xx.o(RESET) refers to stm32f4xx_it.o(i.UsageFault_Handler) for UsageFault_Handler
    startup_stm32f407xx.o(RESET) refers to stm32f4xx_it.o(i.SVC_Handler) for SVC_Handler
    startup_stm32f407xx.o(RESET) refers to stm32f4xx_it.o(i.DebugMon_Handler) for DebugMon_Handler
    startup_stm32f407xx.o(RESET) refers to stm32f4xx_it.o(i.PendSV_Handler) for PendSV_Handler
    startup_stm32f407xx.o(RESET) refers to stm32f4xx_it.o(i.SysTick_Handler) for SysTick_Handler
    startup_stm32f407xx.o(RESET) refers to stm32f4xx_it.o(i.EXTI0_IRQHandler) for EXTI0_IRQHandler
    startup_stm32f407xx.o(RESET) refers to stm32f4xx_it.o(i.DMA1_Stream1_IRQHandler) for DMA1_Stream1_IRQHandler
    startup_stm32f407xx.o(RESET) refers to stm32f4xx_it.o(i.CAN1_TX_IRQHandler) for CAN1_TX_IRQHandler
    startup_stm32f407xx.o(RESET) refers to stm32f4xx_it.o(i.CAN1_RX0_IRQHandler) for CAN1_RX0_IRQHandler
    startup_stm32f407xx.o(RESET) refers to stm32f4xx_it.o(i.EXTI9_5_IRQHandler) for EXTI9_5_IRQHandler
    startup_stm32f407xx.o(RESET) refers to stm32f4xx_it.o(i.TIM1_BRK_TIM9_IRQHandler) for TIM1_BRK_TIM9_IRQHandler
    startup_stm32f407xx.o(RESET) refers to stm32f4xx_it.o(i.USART1_IRQHandler) for USART1_IRQHandler
    startup_stm32f407xx.o(RESET) refers to stm32f4xx_it.o(i.USART3_IRQHandler) for USART3_IRQHandler
    startup_stm32f407xx.o(RESET) refers to stm32f4xx_it.o(i.DMA2_Stream0_IRQHandler) for DMA2_Stream0_IRQHandler
    startup_stm32f407xx.o(RESET) refers to stm32f4xx_it.o(i.DMA2_Stream1_IRQHandler) for DMA2_Stream1_IRQHandler
    startup_stm32f407xx.o(RESET) refers to stm32f4xx_it.o(i.DMA2_Stream2_IRQHandler) for DMA2_Stream2_IRQHandler
    startup_stm32f407xx.o(RESET) refers to stm32f4xx_it.o(i.DMA2_Stream3_IRQHandler) for DMA2_Stream3_IRQHandler
    startup_stm32f407xx.o(RESET) refers to stm32f4xx_it.o(i.CAN2_TX_IRQHandler) for CAN2_TX_IRQHandler
    startup_stm32f407xx.o(RESET) refers to stm32f4xx_it.o(i.CAN2_RX0_IRQHandler) for CAN2_RX0_IRQHandler
    startup_stm32f407xx.o(RESET) refers to stm32f4xx_it.o(i.OTG_FS_IRQHandler) for OTG_FS_IRQHandler
    startup_stm32f407xx.o(RESET) refers to stm32f4xx_it.o(i.DMA2_Stream6_IRQHandler) for DMA2_Stream6_IRQHandler
    startup_stm32f407xx.o(RESET) refers to stm32f4xx_it.o(i.DMA2_Stream7_IRQHandler) for DMA2_Stream7_IRQHandler
    startup_stm32f407xx.o(RESET) refers to stm32f4xx_it.o(i.USART6_IRQHandler) for USART6_IRQHandler
    startup_stm32f407xx.o(.text) refers (Special) to heapauxi.o(.text) for __use_two_region_memory
    startup_stm32f407xx.o(.text) refers to system_stm32f4xx.o(i.SystemInit) for SystemInit
    startup_stm32f407xx.o(.text) refers to __main.o(!!!main) for __main
    startup_stm32f407xx.o(.text) refers to startup_stm32f407xx.o(HEAP) for Heap_Mem
    startup_stm32f407xx.o(.text) refers to startup_stm32f407xx.o(STACK) for Stack_Mem
    main.o(i.HAL_TIM_PeriodElapsedCallback) refers to stm32f4xx_hal.o(i.HAL_IncTick) for HAL_IncTick
    main.o(i.SystemClock_Config) refers to rt_memclr_w.o(.text) for __aeabi_memclr4
    main.o(i.SystemClock_Config) refers to stm32f4xx_hal_rcc.o(i.HAL_RCC_OscConfig) for HAL_RCC_OscConfig
    main.o(i.SystemClock_Config) refers to stm32f4xx_hal_rcc.o(i.HAL_RCC_ClockConfig) for HAL_RCC_ClockConfig
    main.o(i.main) refers to stm32f4xx_hal.o(i.HAL_Init) for HAL_Init
    main.o(i.main) refers to main.o(i.SystemClock_Config) for SystemClock_Config
    main.o(i.main) refers to gpio.o(i.MX_GPIO_Init) for MX_GPIO_Init
    main.o(i.main) refers to dma.o(i.MX_DMA_Init) for MX_DMA_Init
    main.o(i.main) refers to can.o(i.MX_CAN1_Init) for MX_CAN1_Init
    main.o(i.main) refers to can.o(i.MX_CAN2_Init) for MX_CAN2_Init
    main.o(i.main) refers to i2c.o(i.MX_I2C1_Init) for MX_I2C1_Init
    main.o(i.main) refers to spi.o(i.MX_SPI1_Init) for MX_SPI1_Init
    main.o(i.main) refers to tim.o(i.MX_TIM4_Init) for MX_TIM4_Init
    main.o(i.main) refers to tim.o(i.MX_TIM8_Init) for MX_TIM8_Init
[...]
    __sigvec_lookup                           - Undefined Weak Reference
    _atexit_init                              - Undefined Weak Reference
    _call_atexit_fns                          - Undefined Weak Reference
    _clock_init                               - Undefined Weak Reference
    _fp_trap_init                             - Undefined Weak Reference
    _fp_trap_shutdown                         - Undefined Weak Reference
    _get_lc_collate                           - Undefined Weak Reference
    _get_lc_ctype                             - Undefined Weak Reference
    _get_lc_monetary                          - Undefined Weak Reference
    _get_lc_numeric                           - Undefined Weak Reference
    _get_lc_time                              - Undefined Weak Reference
    _getenv_init                              - Undefined Weak Reference
    _handle_redirection                       - Undefined Weak Reference
    _init_alloc                               - Undefined Weak Reference
    _init_user_alloc                          - Undefined Weak Reference
    _initio                                   - Undefined Weak Reference
    _rand_init                                - Undefined Weak Reference
    _signal_finish                            - Undefined Weak Reference
    _signal_init                              - Undefined Weak Reference
    _terminate_alloc                          - Undefined Weak Reference
    _terminate_user_alloc                     - Undefined Weak Reference
    _terminateio                              - Undefined Weak Reference
    __Vectors_Size                           0x00000188   Number         0  startup_stm32f407xx.o ABSOLUTE
    __Vectors                                0x08000000   Data           4  startup_stm32f407xx.o(RESET)
    __Vectors_End                            0x08000188   Data           0  startup_stm32f407xx.o(RESET)
    __main                                   0x08000189   Thumb Code     8  __main.o(!!!main)
    __scatterload                            0x08000191   Thumb Code     0  __scatter.o(!!!scatter)
    __scatterload_rt2                        0x08000191   Thumb Code    44  __scatter.o(!!!scatter)
    __scatterload_rt2_thumb_only             0x08000191   Thumb Code     0  __scatter.o(!!!scatter)
    __scatterload_null                       0x0800019f   Thumb Code     0  __scatter.o(!!!scatter)
    __scatterload_copy                       0x080001c5   Thumb Code    26  __scatter_copy.o(!!handler_copy)
    __scatterload_zeroinit                   0x080001e1   Thumb Code    28  __scatter_zi.o(!!handler_zi)
    __rt_lib_init                            0x080001fd   Thumb Code     0  libinit.o(.ARM.Collect$$libinit$$00000000)
    __rt_lib_init_fp_1                       0x080001ff   Thumb Code     0  libinit2.o(.ARM.Collect$$libinit$$00000001)
    __rt_lib_init_alloca_1                   0x08000203   Thumb Code     0  libinit2.o(.ARM.Collect$$libinit$$0000002E)
    __rt_lib_init_argv_1                     0x08000203   Thumb Code     0  libinit2.o(.ARM.Collect$$libinit$$0000002C)
    __rt_lib_init_atexit_1                   0x08000203   Thumb Code     0  libinit2.o(.ARM.Collect$$libinit$$0000001B)
    __rt_lib_init_clock_1                    0x08000203   Thumb Code     0  libinit2.o(.ARM.Collect$$libinit$$00000021)
    __rt_lib_init_cpp_1                      0x08000203   Thumb Code     0  libinit2.o(.ARM.Collect$$libinit$$00000032)
    __rt_lib_init_exceptions_1               0x08000203   Thumb Code     0  libinit2.o(.ARM.Collect$$libinit$$00000030)
    __rt_lib_init_fp_trap_1                  0x08000203   Thumb Code     0  libinit2.o(.ARM.Collect$$libinit$$0000001F)
    __rt_lib_init_getenv_1                   0x08000203   Thumb Code     0  libinit2.o(.ARM.Collect$$libinit$$00000023)
    __rt_lib_init_heap_1                     0x08000203   Thumb Code     0  libinit2.o(.ARM.Collect$$libinit$$0000000A)
    __rt_lib_init_lc_collate_1               0x08000203   Thumb Code     0  libinit2.o(.ARM.Collect$$libinit$$00000011)
    __rt_lib_init_lc_ctype_1                 0x08000203   Thumb Code     0  libinit2.o(.ARM.Collect$$libinit$$00000013)
    __rt_lib_init_lc_monetary_1              0x08000203   Thumb Code     0  libinit2.o(.ARM.Collect$$libinit$$00000015)
    __rt_lib_init_lc_numeric_1               0x08000203   Thumb Code     0  libinit2.o(.ARM.Collect$$libinit$$00000017)
    __rt_lib_init_lc_time_1                  0x08000203   Thumb Code     0  libinit2.o(.ARM.Collect$$libinit$$00000019)
    __rt_lib_init_preinit_1                  0x08000203   Thumb Code     0  libinit2.o(.ARM.Collect$$libinit$$00000004)
    __rt_lib_init_rand_1                     0x08000203   Thumb Code     0  libinit2.o(.ARM.Collect$$libinit$$0000000E)
    __rt_lib_init_return                     0x08000203   Thumb Code     0  libinit2.o(.ARM.Collect$$libinit$$00000033)
    __rt_lib_init_signal_1                   0x08000203   Thumb Code     0  libinit2.o(.ARM.Collect$$libinit$$0000001D)
    __rt_lib_init_stdio_1                    0x08000203   Thumb Code     0  libinit2.o(.ARM.Collect$$libinit$$00000025)
    __rt_lib_init_user_alloc_1               0x08000203   Thumb Code     0  libinit2.o(.ARM.Collect$$libinit$$0000000C)
    __rt_lib_shutdown                        0x08000205   Thumb Code     0  libshutdown.o(.ARM.Collect$$libshutdown$$00000000)
    __rt_lib_shutdown_cpp_1                  0x08000207   Thumb Code     0  libshutdown2.o(.ARM.Collect$$libshutdown$$00000004)
    __rt_lib_shutdown_fini_1                 0x08000207   Thumb Code     0  libshutdown2.o(.ARM.Collect$$libshutdown$$00000002)
    __rt_lib_shutdown_fp_trap_1              0x08000207   Thumb Code     0  libshutdown2.o(.ARM.Collect$$libshutdown$$00000009)
    __rt_lib_shutdown_heap_1                 0x08000207   Thumb Code     0  libshutdown2.o(.ARM.Collect$$libshutdown$$00000011)
    __rt_lib_shutdown_return                 0x08000207   Thumb Code     0  libshutdown2.o(.ARM.Collect$$libshutdown$$00000012)
    __rt_lib_shutdown_signal_1               0x08000207   Thumb Code     0  libshutdown2.o(.ARM.Collect$$libshutdown$$0000000C)
    __rt_lib_shutdown_stdio_1                0x08000207   Thumb Code     0  libshutdown2.o(.ARM.Collect$$libshutdown$$00000006)
    __rt_lib_shutdown_user_alloc_1           0x08000207   Thumb Code     0  libshutdown2.o(.ARM.Collect$$libshutdown$$0000000E)
    __rt_entry                               0x08000209   Thumb Code     0  __rtentry.o(.ARM.Collect$$rtentry$$00000000)
    __rt_entry_presh_1                       0x08000209   Thumb Code     0  __rtentry2.o(.ARM.Collect$$rtentry$$00000002)
    __rt_entry_sh                            0x08000209   Thumb Code     0  __rtentry4.o(.ARM.Collect$$rtentry$$00000004)
    __rt_entry_li                            0x0800020f   Thumb Code     0  __rtentry2.o(.ARM.Collect$$rtentry$$0000000A)
    __rt_entry_postsh_1                      0x0800020f   Thumb Code     0  __rtentry2.o(.ARM.Collect$$rtentry$$00000009)
    __rt_entry_main                          0x08000213   Thumb Code     0  __rtentry2.o(.ARM.Collect$$rtentry$$0000000D)
    __rt_entry_postli_1                      0x08000213   Thumb Code     0  __rtentry2.o(.ARM.Collect$$rtentry$$0000000C)
    __rt_exit                                0x0800021b   Thumb Code     0  rtexit.o(.ARM.Collect$$rtexit$$00000000)
    __rt_exit_ls                             0x0800021d   Thumb Code     0  rtexit2.o(.ARM.Collect$$rtexit$$00000003)
    __rt_exit_prels_1                        0x0800021d   Thumb Code     0  rtexit2.o(.ARM.Collect$$rtexit$$00000002)
    __rt_exit_exit                           0x08000221   Thumb Code     0  rtexit2.o(.ARM.Collect$$rtexit$$00000004)
    Reset_Handler                            0x08000229   Thumb Code     8  startup_stm32f407xx.o(.text)
    ADC_IRQHandler                           0x08000243   Thumb Code     0  startup_stm32f407xx.o(.text)
    CAN1_RX1_IRQHandler                      0x08000243   Thumb Code     0  startup_stm32f407xx.o(.text)
    CAN1_SCE_IRQHandler                      0x08000243   Thumb Code     0  startup_stm32f407xx.o(.text)
    CAN2_RX1_IRQHandler                      0x08000243   Thumb Code     0  startup_stm32f407xx.o(.text)
    CAN2_SCE_IRQHandler                      0x08000243   Thumb Code     0  startup_stm32f407xx.o(.text)
    DCMI_IRQHandler                          0x08000243   Thumb Code     0  startup_stm32f407xx.o(.text)
    DMA1_Stream0_IRQHandler                  0x08000243   Thumb Code     0  startup_stm32f407xx.o(.text)
    DMA1_Stream2_IRQHandler                  0x08000243   Thumb Code     0  startup_stm32f407xx.o(.text)
    DMA1_Stream3_IRQHandler                  0x08000243   Thumb Code     0  startup_stm32f407xx.o(.text)
    DMA1_Stream4_IRQHandler                  0x08000243   Thumb Code     0  startup_stm32f407xx.o(.text)
    DMA1_Stream5_IRQHandler                  0x08000243   Thumb Code     0  startup_stm32f407xx.o(.text)
    DMA1_Stream6_IRQHandler                  0x08000243   Thumb Code     0  startup_stm32f407xx.o(.text)
    DMA1_Stream7_IRQHandler                  0x08000243   Thumb Code     0  startup_stm32f407xx.o(.text)
    DMA2_Stream4_IRQHandler                  0x08000243   Thumb Code     0  startup_stm32f407xx.o(.text)
    DMA2_Stream5_IRQHandler                  0x08000243   Thumb Code     0  startup_stm32f407xx.o(.text)
    ETH_IRQHandler                           0x08000243   Thumb Code     0  startup_stm32f407xx.o(.text)
    ETH_WKUP_IRQHandler                      0x08000243   Thumb Code     0  startup_stm32f407xx.o(.text)
    EXTI15_10_IRQHandler                     0x08000243   Thumb Code     0  startup_stm32f407xx.o(.text)
    EXTI1_IRQHandler                         0x08000243   Thumb Code     0  startup_stm32f407xx.o(.text)
    EXTI2_IRQHandler                         0x08000243   Thumb Code     0  startup_stm32f407xx.o(.text)
    EXTI3_IRQHandler                         0x08000243   Thumb Code     0  startup_stm32f407xx.o(.text)
    EXTI4_IRQHandler                         0x08000243   Thumb Code     0  startup_stm32f407xx.o(.text)
    FLASH_IRQHandler                         0x08000243   Thumb Code     0  startup_stm32f407xx.o(.text)
    FMC_IRQHandler                           0x08000243   Thumb Code     0  startup_stm32f407xx.o(.text)
    FPU_IRQHandler                           0x08000243   Thumb Code     0  startup_stm32f407xx.o(.text)
    HASH_RNG_IRQHandler                      0x08000243   Thumb Code     0  startup_stm32f407xx.o(.text)
    I2C1_ER_IRQHandler                       0x08000243   Thumb Code     0  startup_stm32f407xx.o(.text)
    I2C1_EV_IRQHandler                       0x08000243   Thumb Code     0  startup_stm32f407xx.o(.text)
    I2C2_ER_IRQHandler                       0x08000243   Thumb Code     0  startup_stm32f407xx.o(.text)
    I2C2_EV_IRQHandler                       0x08000243   Thumb Code     0  startup_stm32f407xx.o(.text)
    I2C3_ER_IRQHandler                       0x08000243   Thumb Code     0  startup_stm32f407xx.o(.text)
    I2C3_EV_IRQHandler                       0x08000243   Thumb Code     0  startup_stm32f407xx.o(.text)
    OTG_FS_WKUP_IRQHandler                   0x08000243   Thumb Code     0  startup_stm32f407xx.o(.text)
    OTG_HS_EP1_IN_IRQHandler                 0x08000243   Thumb Code     0  startup_stm32f407xx.o(.text)
    OTG_HS_EP1_OUT_IRQHandler                0x08000243   Thumb Code     0  startup_stm32f407xx.o(.text)
    OTG_HS_IRQHandler                        0x08000243   Thumb Code     0  startup_stm32f407xx.o(.text)
    OTG_HS_WKUP_IRQHandler                   0x08000243   Thumb Code     0  startup_stm32f407xx.o(.text)
    PVD_IRQHandler                           0x08000243   Thumb Code     0  startup_stm32f407xx.o(.text)
    RCC_IRQHandler                           0x08000243   Thumb Code     0  startup_stm32f407xx.o(.text)
    RTC_Alarm_IRQHandler                     0x08000243   Thumb Code     0  startup_stm32f407xx.o(.text)
    RTC_WKUP_IRQHandler                      0x08000243   Thumb Code     0  startup_stm32f407xx.o(.text)
    SDIO_IRQHandler                          0x08000243   Thumb Code     0  startup_stm32f407xx.o(.text)
    SPI1_IRQHandler                          0x08000243   Thumb Code     0  startup_stm32f407xx.o(.text)
    SPI2_IRQHandler                          0x08000243   Thumb Code     0  startup_stm32f407xx.o(.text)
    SPI3_IRQHandler                          0x08000243   Thumb Code     0  startup_stm32f407xx.o(.text)
    TAMP_STAMP_IRQHandler                    0x08000243   Thumb Code     0  startup_stm32f407xx.o(.text)
    TIM1_CC_IRQHandler                       0x08000243   Thumb Code     0  startup_stm32f407xx.o(.text)
    TIM1_TRG_COM_TIM11_IRQHandler            0x08000243   Thumb Code     0  startup_stm32f407xx.o(.text)
    TIM1_UP_TIM10_IRQHandler                 0x08000243   Thumb Code     0  startup_stm32f407xx.o(.text)
    TIM2_IRQHandler                          0x08000243   Thumb Code     0  startup_stm32f407xx.o(.text)
    TIM3_IRQHandler                          0x08000243   Thumb Code     0  startup_stm32f407xx.o(.text)
    TIM4_IRQHandler                          0x08000243   Thumb Code     0  startup_stm32f407xx.o(.text)
    TIM5_IRQHandler                          0x08000243   Thumb Code     0  startup_stm32f407xx.o(.text)
    TIM6_DAC_IRQHandler                      0x08000243   Thumb Code     0  startup_stm32f407xx.o(.text)
    TIM7_IRQHandler                          0x08000243   Thumb Code     0  startup_stm32f407xx.o(.text)
    TIM8_BRK_TIM12_IRQHandler                0x08000243   Thumb Code     0  startup_stm32f407xx.o(.text)
    TIM8_CC_IRQHandler                       0x08000243   Thumb Code     0  startup_stm32f407xx.o(.text)
    TIM8_TRG_COM_TIM14_IRQHandler            0x08000243   Thumb Code     0  startup_stm32f407xx.o(.text)
    TIM8_UP_TIM13_IRQHandler                 0x08000243   Thumb Code     0  startup_stm32f407xx.o(.text)
    UART4_IRQHandler                         0x08000243   Thumb Code     0  startup_stm32f407xx.o(.text)
    UART5_IRQHandler                         0x08000243   Thumb Code     0  startup_stm32f407xx.o(.text)
    USART2_IRQHandler                        0x08000243   Thumb Code     0  startup_stm32f407xx.o(.text)
    WWDG_IRQHandler                          0x08000243   Thumb Code     0  startup_stm32f407xx.o(.text)
    __user_initial_stackheap                 0x08000245   Thumb Code     0  startup_stm32f407xx.o(.text)
    __aeabi_uldivmod                         0x08000269   Thumb Code     0  lludivv7m.o(.text)
    _ll_udiv                                 0x08000269   Thumb Code   238  lludivv7m.o(.text)
    __aeabi_memclr4                          0x08000357   Thumb Code     0  rt_memclr_w.o(.text)
    __aeabi_memclr8                          0x08000357   Thumb Code     0  rt_memclr_w.o(.text)
    __rt_memclr_w                            0x08000357   Thumb Code    78  rt_memclr_w.o(.text)
    _memset_w                                0x0800035b   Thumb Code     0  rt_memclr_w.o(.text)
    __use_two_region_memory                  0x080003a5   Thumb Code     2  heapauxi.o(.text)
    __rt_heap_escrow$2region                 0x080003a7   Thumb Code     2  heapauxi.o(.text)
    __rt_heap_expand$2region                 0x080003a9   Thumb Code     2  heapauxi.o(.text)
    __user_setup_stackheap                   0x080003ab   Thumb Code    74  sys_stackheap_outer.o(.text)
    exit                                     0x080003f5   Thumb Code    18  exit.o(.text)
    __user_libspace                          0x08000409   Thumb Code     8  libspace.o(.text)
    __user_perproc_libspace                  0x08000409   Thumb Code     0  libspace.o(.text)
    __user_perthread_libspace                0x08000409   Thumb Code     0  libspace.o(.text)
    _sys_exit                                0x08000411   Thumb Code     8  sys_exit.o(.text)
    __I$use$semihosting                      0x0800041d   Thumb Code     0  use_no_semi.o(.text)
    __use_no_semihosting_swi                 0x0800041d   Thumb Code     2  use_no_semi.o(.text)
    BusFault_Handler                         0x0800041f   Thumb Code     2  stm32f4xx_it.o(i.BusFault_Handler)
    __semihosting_library_function           0x0800041f   Thumb Code     0  indicate_semi.o(.text)
    CAN1_RX0_IRQHandler                      0x08000421   Thumb Code     6  stm32f4xx_it.o(i.CAN1_RX0_IRQHandler)
    CAN1_TX_IRQHandler                       0x0800042d   Thumb Code     6  stm32f4xx_it.o(i.CAN1_TX_IRQHandler)
    CAN2_RX0_IRQHandler                      0x08000439   Thumb Code     6  stm32f4xx_it.o(i.CAN2_RX0_IRQHandler)
    CAN2_TX_IRQHandler                       0x08000445   Thumb Code     6  stm32f4xx_it.o(i.CAN2_TX_IRQHandler)
    DMA1_Stream1_IRQHandler                  0x08000499   Thumb Code     6  stm32f4xx_it.o(i.DMA1_Stream1_IRQHandler)
    DMA2_Stream0_IRQHandler                  0x080004a5   Thumb Code     6  stm32f4xx_it.o(i.DMA2_Stream0_IRQHandler)
    DMA2_Stream1_IRQHandler                  0x080004b1   Thumb Code     6  stm32f4xx_it.o(i.DMA2_Stream1_IRQHandler)
    DMA2_Stream2_IRQHandler                  0x080004bd   Thumb Code     6  stm32f4xx_it.o(i.DMA2_Stream2_IRQHandler)
    DMA2_Stream3_IRQHandler                  0x080004c9   Thumb Code     6  stm32f4xx_it.o(i.DMA2_Stream3_IRQHandler)
    DMA2_Stream6_IRQHandler                  0x080004d5   Thumb Code     6  stm32f4xx_it.o(i.DMA2_Stream6_IRQHandler)
    DMA2_Stream7_IRQHandler                  0x080004e1   Thumb Code     6  stm32f4xx_it.o(i.DMA2_Stream7_IRQHandler)
    DebugMon_Handler                         0x08000569   Thumb Code     2  stm32f4xx_it.o(i.DebugMon_Handler)
    EXTI0_IRQHandler                         0x0800056b   Thumb Code     6  stm32f4xx_it.o(i.EXTI0_IRQHandler)
    EXTI9_5_IRQHandler                       0x08000571   Thumb Code    18  stm32f4xx_it.o(i.EXTI9_5_IRQHandler)
    Error_Handler                            0x08000583   Thumb Code     4  main.o(i.Error_Handler)
    HAL_CAN_ErrorCallback                    0x08000587   Thumb Code     2  stm32f4xx_hal_can.o(i.HAL_CAN_ErrorCallback)
    HAL_CAN_IRQHandler                       0x08000589   Thumb Code   508  stm32f4xx_hal_can.o(i.HAL_CAN_IRQHandler)
    HAL_CAN_Init                             0x08000785   Thumb Code   662  stm32f4xx_hal_can.o(i.HAL_CAN_Init)
    HAL_CAN_MspInit                          0x08000a5d   Thumb Code   258  can.o(i.HAL_CAN_MspInit)
    HAL_CAN_RxFifo0FullCallback              0x08000b79   Thumb Code     2  stm32f4xx_hal_can.o(i.HAL_CAN_RxFifo0FullCallback)
    HAL_CAN_RxFifo0MsgPendingCallback        0x08000b7b   Thumb Code     2  stm32f4xx_hal_can.o(i.HAL_CAN_RxFifo0MsgPendingCallback)
    HAL_CAN_RxFifo1FullCallback              0x08000b7d   Thumb Code     2  stm32f4xx_hal_can.o(i.HAL_CAN_RxFifo1FullCallback)
    HAL_CAN_RxFifo1MsgPendingCallback        0x08000b7f   Thumb Code     2  stm32f4xx_hal_can.o(i.HAL_CAN_RxFifo1MsgPendingCallback)
    HAL_CAN_SleepCallback                    0x08000b81   Thumb Code     2  stm32f4xx_hal_can.o(i.HAL_CAN_SleepCallback)
    HAL_CAN_TxMailbox0AbortCallback          0x08000b83   Thumb Code     2  stm32f4xx_hal_can.o(i.HAL_CAN_TxMailbox0AbortCallback)
    HAL_CAN_TxMailbox0CompleteCallback       0x08000b85   Thumb Code     2  stm32f4xx_hal_can.o(i.HAL_CAN_TxMailbox0CompleteCallback)
    HAL_CAN_TxMailbox1AbortCallback          0x08000b87   Thumb Code     2  stm32f4xx_hal_can.o(i.HAL_CAN_TxMailbox1AbortCallback)
    HAL_CAN_TxMailbox1CompleteCallback       0x08000b89   Thumb Code     2  stm32f4xx_hal_can.o(i.HAL_CAN_TxMailbox1CompleteCallback)
    HAL_CAN_TxMailbox2AbortCallback          0x08000b8b   Thumb Code     2  stm32f4xx_hal_can.o(i.HAL_CAN_TxMailbox2AbortCallback)
    HAL_CAN_TxMailbox2CompleteCallback       0x08000b8d   Thumb Code     2  stm32f4xx_hal_can.o(i.HAL_CAN_TxMailbox2CompleteCallback)
    HAL_CAN_WakeUpFromRxMsgCallback          0x08000b8f   Thumb Code     2  stm32f4xx_hal_can.o(i.HAL_CAN_WakeUpFromRxMsgCallback)
    HAL_DMA_Abort                            0x08000b91   Thumb Code   146  stm32f4xx_hal_dma.o(i.HAL_DMA_Abort)
    HAL_DMA_Abort_IT                         0x08000c23   Thumb Code    36  stm32f4xx_hal_dma.o(i.HAL_DMA_Abort_IT)
    HAL_DMA_IRQHandler                       0x08000c49   Thumb Code   412  stm32f4xx_hal_dma.o(i.HAL_DMA_IRQHandler)
    HAL_DMA_Init                             0x08000de9   Thumb Code   666  stm32f4xx_hal_dma.o(i.HAL_DMA_Init)
    HAL_Delay                                0x080010c9   Thumb Code    32  stm32f4xx_hal.o(i.HAL_Delay)
    HAL_GPIO_EXTI_Callback                   0x080010ed   Thumb Code     2  stm32f4xx_hal_gpio.o(i.HAL_GPIO_EXTI_Callback)
    HAL_GPIO_EXTI_IRQHandler                 0x080010f1   Thumb Code    18  stm32f4xx_hal_gpio.o(i.HAL_GPIO_EXTI_IRQHandler)
    HAL_GPIO_Init                            0x08001109   Thumb Code   654  stm32f4xx_hal_gpio.o(i.HAL_GPIO_Init)
    HAL_GPIO_WritePin                        0x08001405   Thumb Code    46  stm32f4xx_hal_gpio.o(i.HAL_GPIO_WritePin)
    HAL_GetTick                              0x08001471   Thumb Code     6  stm32f4xx_hal.o(i.HAL_GetTick)
    HAL_I2C_Init                             0x0800147d   Thumb Code   560  stm32f4xx_hal_i2c.o(i.HAL_I2C_Init)
    HAL_I2C_MspInit                          0x08001705   Thumb Code    94  i2c.o(i.HAL_I2C_MspInit)
    HAL_IWDG_Init                            0x08001771   Thumb Code   158  stm32f4xx_hal_iwdg.o(i.HAL_IWDG_Init)
    HAL_IncTick                              0x08001851   Thumb Code    12  stm32f4xx_hal.o(i.HAL_IncTick)
    HAL_Init                                 0x08001861   Thumb Code    48  stm32f4xx_hal.o(i.HAL_Init)
    HAL_InitTick                             0x08001895   Thumb Code   120  stm32f4xx_hal_timebase_tim.o(i.HAL_InitTick)
    HAL_MspInit                              0x08001921   Thumb Code    42  stm32f4xx_hal_msp.o(i.HAL_MspInit)
    HAL_NVIC_EnableIRQ                       0x08001951   Thumb Code    40  stm32f4xx_hal_cortex.o(i.HAL_NVIC_EnableIRQ)
    HAL_NVIC_SetPriority                     0x080019b5   Thumb Code    94  stm32f4xx_hal_cortex.o(i.HAL_NVIC_SetPriority)
    HAL_NVIC_SetPriorityGrouping             0x08001a55   Thumb Code    58  stm32f4xx_hal_cortex.o(i.HAL_NVIC_SetPriorityGrouping)
    HAL_PCDEx_LPM_Callback                   0x08001ad5   Thumb Code     2  stm32f4xx_hal_pcd_ex.o(i.HAL_PCDEx_LPM_Callback)
    HAL_PCDEx_SetRxFiFo                      0x08001ad7   Thumb Code     8  stm32f4xx_hal_pcd_ex.o(i.HAL_PCDEx_SetRxFiFo)
    HAL_PCDEx_SetTxFiFo                      0x08001adf   Thumb Code    68  stm32f4xx_hal_pcd_ex.o(i.HAL_PCDEx_SetTxFiFo)
    HAL_PCD_ConnectCallback                  0x08001b23   Thumb Code     8  usbd_conf.o(i.HAL_PCD_ConnectCallback)
    HAL_PCD_DataInStageCallback              0x08001b2b   Thumb Code    18  usbd_conf.o(i.HAL_PCD_DataInStageCallback)
    HAL_PCD_DataOutStageCallback             0x08001b3d   Thumb Code    20  usbd_conf.o(i.HAL_PCD_DataOutStageCallback)
    HAL_PCD_DisconnectCallback               0x08001b51   Thumb Code     8  usbd_conf.o(i.HAL_PCD_DisconnectCallback)
    HAL_PCD_EP_Abort                         0x08001b59   Thumb Code    30  stm32f4xx_hal_pcd.o(i.HAL_PCD_EP_Abort)
    HAL_PCD_EP_Close                         0x08001b77   Thumb Code    74  stm32f4xx_hal_pcd.o(i.HAL_PCD_EP_Close)
    HAL_PCD_EP_ClrStall                      0x08001bc1   Thumb Code    90  stm32f4xx_hal_pcd.o(i.HAL_PCD_EP_ClrStall)
    HAL_PCD_EP_GetRxCount                    0x08001c1b   Thumb Code    18  stm32f4xx_hal_pcd.o(i.HAL_PCD_EP_GetRxCount)
    HAL_PCD_EP_Open                          0x08001c2d   Thumb Code    94  stm32f4xx_hal_pcd.o(i.HAL_PCD_EP_Open)
    HAL_PCD_EP_Receive                       0x08001c8b   Thumb Code    56  stm32f4xx_hal_pcd.o(i.HAL_PCD_EP_Receive)
    HAL_PCD_EP_SetStall                      0x08001cc3   Thumb Code   114  stm32f4xx_hal_pcd.o(i.HAL_PCD_EP_SetStall)
    HAL_PCD_EP_Transmit                      0x08001d35   Thumb Code    50  stm32f4xx_hal_pcd.o(i.HAL_PCD_EP_Transmit)
    HAL_PCD_IRQHandler                       0x08001d69   Thumb Code  1372  stm32f4xx_hal_pcd.o(i.HAL_PCD_IRQHandler)
    HAL_PCD_ISOINIncompleteCallback          0x080022c5   Thumb Code     8  usbd_conf.o(i.HAL_PCD_ISOINIncompleteCallback)
    HAL_PCD_ISOOUTIncompleteCallback         0x080022cd   Thumb Code     8  usbd_conf.o(i.HAL_PCD_ISOOUTIncompleteCallback)
    HAL_PCD_Init                             0x080022d5   Thumb Code   224  stm32f4xx_hal_pcd.o(i.HAL_PCD_Init)
    HAL_PCD_MspInit                          0x080023f1   Thumb Code   122  usbd_conf.o(i.HAL_PCD_MspInit)
    HAL_PCD_ResetCallback                    0x08002475   Thumb Code    44  usbd_conf.o(i.HAL_PCD_ResetCallback)
    HAL_PCD_ResumeCallback                   0x080024a1   Thumb Code     8  usbd_conf.o(i.HAL_PCD_ResumeCallback)
    HAL_PCD_SOFCallback                      0x080024a9   Thumb Code     8  usbd_conf.o(i.HAL_PCD_SOFCallback)
    HAL_PCD_SetAddress                       0x080024b1   Thumb Code    38  stm32f4xx_hal_pcd.o(i.HAL_PCD_SetAddress)
    HAL_PCD_SetupStageCallback               0x080024d7   Thumb Code    14  usbd_conf.o(i.HAL_PCD_SetupStageCallback)
    HAL_PCD_Start                            0x080024e5   Thumb Code    66  stm32f4xx_hal_pcd.o(i.HAL_PCD_Start)
    HAL_PCD_SuspendCallback                  0x08002529   Thumb Code    44  usbd_conf.o(i.HAL_PCD_SuspendCallback)
    HAL_RCC_ClockConfig                      0x08002559   Thumb Code   512  stm32f4xx_hal_rcc.o(i.HAL_RCC_ClockConfig)
    HAL_RCC_GetClockConfig                   0x080027a5   Thumb Code    54  stm32f4xx_hal_rcc.o(i.HAL_RCC_GetClockConfig)
    HAL_RCC_GetHCLKFreq                      0x080027e5   Thumb Code     6  stm32f4xx_hal_rcc.o(i.HAL_RCC_GetHCLKFreq)
    HAL_RCC_GetPCLK1Freq                     0x080027f1   Thumb Code    20  stm32f4xx_hal_rcc.o(i.HAL_RCC_GetPCLK1Freq)
    HAL_RCC_GetPCLK2Freq                     0x08002811   Thumb Code    20  stm32f4xx_hal_rcc.o(i.HAL_RCC_GetPCLK2Freq)
    HAL_RCC_GetSysClockFreq                  0x08002831   Thumb Code    88  stm32f4xx_hal_rcc.o(i.HAL_RCC_GetSysClockFreq)
    HAL_RCC_OscConfig                        0x08002895   Thumb Code  1192  stm32f4xx_hal_rcc.o(i.HAL_RCC_OscConfig)
    HAL_SPI_Init                             0x08002d3d   Thumb Code   518  stm32f4xx_hal_spi.o(i.HAL_SPI_Init)
    HAL_SPI_MspInit                          0x08002f89   Thumb Code   228  spi.o(i.HAL_SPI_MspInit)
    HAL_TIMEx_BreakCallback                  0x08003085   Thumb Code     2  stm32f4xx_hal_tim_ex.o(i.HAL_TIMEx_BreakCallback)
    HAL_TIMEx_CommutCallback                 0x08003087   Thumb Code     2  stm32f4xx_hal_tim_ex.o(i.HAL_TIMEx_CommutCallback)
    HAL_TIMEx_ConfigBreakDeadTime            0x08003089   Thumb Code   260  stm32f4xx_hal_tim_ex.o(i.HAL_TIMEx_ConfigBreakDeadTime)
    HAL_TIMEx_MasterConfigSynchronization    0x080031d1   Thumb Code   242  stm32f4xx_hal_tim_ex.o(i.HAL_TIMEx_MasterConfigSynchronization)
    HAL_TIM_Base_Init                        0x08003321   Thumb Code   296  stm32f4xx_hal_tim.o(i.HAL_TIM_Base_Init)
    HAL_TIM_Base_MspInit                     0x080034b5   Thumb Code    52  tim.o(i.HAL_TIM_Base_MspInit)
    HAL_TIM_Base_Start_IT                    0x080034f5   Thumb Code   200  stm32f4xx_hal_tim.o(i.HAL_TIM_Base_Start_IT)
    HAL_TIM_ConfigClockSource                0x08003625   Thumb Code   930  stm32f4xx_hal_tim.o(i.HAL_TIM_ConfigClockSource)
    HAL_TIM_IC_CaptureCallback               0x08003a35   Thumb Code     2  stm32f4xx_hal_tim.o(i.HAL_TIM_IC_CaptureCallback)
    HAL_TIM_IRQHandler                       0x08003a37   Thumb Code   304  stm32f4xx_hal_tim.o(i.HAL_TIM_IRQHandler)
    HAL_TIM_MspPostInit                      0x08003b69   Thumb Code   190  tim.o(i.HAL_TIM_MspPostInit)
    HAL_TIM_OC_DelayElapsedCallback          0x08003c4d   Thumb Code     2  stm32f4xx_hal_tim.o(i.HAL_TIM_OC_DelayElapsedCallback)
    HAL_TIM_PWM_ConfigChannel                0x08003c51   Thumb Code   516  stm32f4xx_hal_tim.o(i.HAL_TIM_PWM_ConfigChannel)
    HAL_TIM_PWM_Init                         0x08003eb9   Thumb Code   296  stm32f4xx_hal_tim.o(i.HAL_TIM_PWM_Init)
    HAL_TIM_PWM_MspInit                      0x0800404d   Thumb Code    52  tim.o(i.HAL_TIM_PWM_MspInit)
    HAL_TIM_PWM_PulseFinishedCallback        0x0800408d   Thumb Code     2  stm32f4xx_hal_tim.o(i.HAL_TIM_PWM_PulseFinishedCallback)
    HAL_TIM_PeriodElapsedCallback            0x08004091   Thumb Code    14  main.o(i.HAL_TIM_PeriodElapsedCallback)
    HAL_TIM_TriggerCallback                  0x080040a5   Thumb Code     2  stm32f4xx_hal_tim.o(i.HAL_TIM_TriggerCallback)
    HAL_UARTEx_RxEventCallback               0x080040a7   Thumb Code     2  stm32f4xx_hal_uart.o(i.HAL_UARTEx_RxEventCallback)
    HAL_UART_ErrorCallback                   0x080040a9   Thumb Code     2  stm32f4xx_hal_uart.o(i.HAL_UART_ErrorCallback)
    HAL_UART_IRQHandler                      0x080040ad   Thumb Code   618  stm32f4xx_hal_uart.o(i.HAL_UART_IRQHandler)
    HAL_UART_Init                            0x0800431d   Thumb Code   248  stm32f4xx_hal_uart.o(i.HAL_UART_Init)
    HAL_UART_MspInit                         0x08004469   Thumb Code   602  usart.o(i.HAL_UART_MspInit)
    HAL_UART_RxCpltCallback                  0x080046f5   Thumb Code     2  stm32f4xx_hal_uart.o(i.HAL_UART_RxCpltCallback)
    HAL_UART_TxCpltCallback                  0x080046f7   Thumb Code     2  stm32f4xx_hal_uart.o(i.HAL_UART_TxCpltCallback)
    HardFault_Handler                        0x080046f9   Thumb Code     2  stm32f4xx_it.o(i.HardFault_Handler)
    MX_CAN1_Init                             0x08004735   Thumb Code    62  can.o(i.MX_CAN1_Init)
    MX_CAN2_Init                             0x0800477d   Thumb Code    62  can.o(i.MX_CAN2_Init)
    MX_DMA_Init                              0x080047c5   Thumb Code   152  dma.o(i.MX_DMA_Init)
    MX_GPIO_Init                             0x08004861   Thumb Code   596  gpio.o(i.MX_GPIO_Init)
    MX_I2C1_Init                             0x08004add   Thumb Code    50  i2c.o(i.MX_I2C1_Init)
    MX_IWDG_Init                             0x08004b1d   Thumb Code    34  iwdg.o(i.MX_IWDG_Init)
    MX_SPI1_Init                             0x08004b49   Thumb Code    62  spi.o(i.MX_SPI1_Init)
    MX_TIM10_Init                            0x08004b91   Thumb Code    94  tim.o(i.MX_TIM10_Init)
    MX_TIM3_Init                             0x08004bf9   Thumb Code   104  tim.o(i.MX_TIM3_Init)
    MX_TIM4_Init                             0x08004c69   Thumb Code   104  tim.o(i.MX_TIM4_Init)
    MX_TIM8_Init                             0x08004cd9   Thumb Code   208  tim.o(i.MX_TIM8_Init)
    MX_USART1_UART_Init                      0x08004db1   Thumb Code    48  usart.o(i.MX_USART1_UART_Init)
    MX_USART3_UART_Init                      0x08004de9   Thumb Code    50  usart.o(i.MX_USART3_UART_Init)
    MX_USART6_UART_Init                      0x08004e29   Thumb Code    48  usart.o(i.MX_USART6_UART_Init)
    MX_USB_DEVICE_Init                       0x08004e61   Thumb Code    66  usb_device.o(i.MX_USB_DEVICE_Init)
    MemManage_Handler                        0x08004eb5   Thumb Code     2  stm32f4xx_it.o(i.MemManage_Handler)
    NMI_Handler                              0x08004eb7   Thumb Code     2  stm32f4xx_it.o(i.NMI_Handler)
    OTG_FS_IRQHandler                        0x08004eb9   Thumb Code     6  stm32f4xx_it.o(i.OTG_FS_IRQHandler)
    PendSV_Handler                           0x08005033   Thumb Code     2  stm32f4xx_it.o(i.PendSV_Handler)
    SVC_Handler                              0x08005035   Thumb Code     2  stm32f4xx_it.o(i.SVC_Handler)
    SysTick_Handler                          0x08005041   Thumb Code     2  stm32f4xx_it.o(i.SysTick_Handler)
    SystemClock_Config                       0x08005045   Thumb Code   146  main.o(i.SystemClock_Config)
    SystemInit                               0x080050e1   Thumb Code    12  system_stm32f4xx.o(i.SystemInit)
    TIM1_BRK_TIM9_IRQHandler                 0x080050f1   Thumb Code     6  stm32f4xx_it.o(i.TIM1_BRK_TIM9_IRQHandler)
    TIM_Base_SetConfig                       0x080050fd   Thumb Code   170  stm32f4xx_hal_tim.o(i.TIM_Base_SetConfig)
    TIM_ETR_SetConfig                        0x080051d5   Thumb Code    20  stm32f4xx_hal_tim.o(i.TIM_ETR_SetConfig)
    TIM_OC2_SetConfig                        0x080052dd   Thumb Code   170  stm32f4xx_hal_tim.o(i.TIM_OC2_SetConfig)
    USART1_IRQHandler                        0x08005861   Thumb Code     6  stm32f4xx_it.o(i.USART1_IRQHandler)
    USART3_IRQHandler                        0x0800586d   Thumb Code     6  stm32f4xx_it.o(i.USART3_IRQHandler)
    USART6_IRQHandler                        0x08005879   Thumb Code     6  stm32f4xx_it.o(i.USART6_IRQHandler)
    USBD_CDC_GetDeviceQualifierDescriptor    0x08005a01   Thumb Code     8  usbd_cdc.o(i.USBD_CDC_GetDeviceQualifierDescriptor)
    USBD_CDC_ReceivePacket                   0x08005bdd   Thumb Code    50  usbd_cdc.o(i.USBD_CDC_ReceivePacket)
    USBD_CDC_RegisterInterface               0x08005c15   Thumb Code    22  usbd_cdc.o(i.USBD_CDC_RegisterInterface)
    USBD_CDC_SetRxBuffer                     0x08005c2b   Thumb Code    26  usbd_cdc.o(i.USBD_CDC_SetRxBuffer)
    USBD_CDC_SetTxBuffer                     0x08005c45   Thumb Code    30  usbd_cdc.o(i.USBD_CDC_SetTxBuffer)
    USBD_ClrClassConfig                      0x08005d37   Thumb Code    20  usbd_core.o(i.USBD_ClrClassConfig)
    USBD_CoreFindEP                          0x08005d4b   Thumb Code     4  usbd_core.o(i.USBD_CoreFindEP)
    USBD_CoreFindIF                          0x08005d4f   Thumb Code     4  usbd_core.o(i.USBD_CoreFindIF)
    USBD_CtlContinueRx                       0x08005d53   Thumb Code    16  usbd_ioreq.o(i.USBD_CtlContinueRx)
    USBD_CtlContinueSendData                 0x08005d63   Thumb Code    16  usbd_ioreq.o(i.USBD_CtlContinueSendData)
    USBD_CtlError                            0x08005d73   Thumb Code    22  usbd_ctlreq.o(i.USBD_CtlError)
    USBD_CtlPrepareRx                        0x08005d89   Thumb Code    30  usbd_ioreq.o(i.USBD_CtlPrepareRx)
    USBD_CtlReceiveStatus                    0x08005da7   Thumb Code    22  usbd_ioreq.o(i.USBD_CtlReceiveStatus)
    USBD_CtlSendData                         0x08005dbd   Thumb Code    26  usbd_ioreq.o(i.USBD_CtlSendData)
    USBD_CtlSendStatus                       0x08005dd7   Thumb Code    22  usbd_ioreq.o(i.USBD_CtlSendStatus)
    USBD_FS_ConfigStrDescriptor              0x08005ded   Thumb Code    16  usbd_desc.o(i.USBD_FS_ConfigStrDescriptor)
    USBD_FS_DeviceDescriptor                 0x08005e0d   Thumb Code     8  usbd_desc.o(i.USBD_FS_DeviceDescriptor)
    USBD_FS_InterfaceStrDescriptor           0x08005e19   Thumb Code    16  usbd_desc.o(i.USBD_FS_InterfaceStrDescriptor)
    USBD_FS_LangIDStrDescriptor              0x08005e3d   Thumb Code     8  usbd_desc.o(i.USBD_FS_LangIDStrDescriptor)
    USBD_FS_ManufacturerStrDescriptor        0x08005e49   Thumb Code    16  usbd_desc.o(i.USBD_FS_ManufacturerStrDescriptor)
    USBD_FS_ProductStrDescriptor             0x08005e71   Thumb Code    16  usbd_desc.o(i.USBD_FS_ProductStrDescriptor)
    USBD_FS_SerialStrDescriptor              0x08005e9d   Thumb Code    48  usbd_desc.o(i.USBD_FS_SerialStrDescriptor)
    USBD_GetEpDesc                           0x08005fbb   Thumb Code    58  usbd_core.o(i.USBD_GetEpDesc)
    USBD_GetNextDesc                         0x08005ff5   Thumb Code    14  usbd_core.o(i.USBD_GetNextDesc)
    USBD_GetString                           0x08006003   Thumb Code    72  usbd_ctlreq.o(i.USBD_GetString)
    USBD_Get_USB_Status                      0x0800604b   Thumb Code    24  usbd_conf.o(i.USBD_Get_USB_Status)
    USBD_Init                                0x08006063   Thumb Code    38  usbd_core.o(i.USBD_Init)
    USBD_LL_ClearStallEP                     0x08006089   Thumb Code    18  usbd_conf.o(i.USBD_LL_ClearStallEP)
    USBD_LL_CloseEP                          0x0800609b   Thumb Code    18  usbd_conf.o(i.USBD_LL_CloseEP)
    USBD_LL_DataInStage                      0x080060ad   Thumb Code   182  usbd_core.o(i.USBD_LL_DataInStage)
    USBD_LL_DataOutStage                     0x08006163   Thumb Code   142  usbd_core.o(i.USBD_LL_DataOutStage)
    USBD_LL_DevConnected                     0x080061f1   Thumb Code     4  usbd_core.o(i.USBD_LL_DevConnected)
    USBD_LL_DevDisconnected                  0x080061f5   Thumb Code    30  usbd_core.o(i.USBD_LL_DevDisconnected)
    USBD_LL_GetRxDataSize                    0x08006213   Thumb Code     8  usbd_conf.o(i.USBD_LL_GetRxDataSize)
    USBD_LL_Init                             0x0800621d   Thumb Code    90  usbd_conf.o(i.USBD_LL_Init)
    USBD_LL_IsStallEP                        0x0800627d   Thumb Code    30  usbd_conf.o(i.USBD_LL_IsStallEP)
    USBD_LL_IsoINIncomplete                  0x0800629b   Thumb Code    40  usbd_core.o(i.USBD_LL_IsoINIncomplete)
    USBD_LL_IsoOUTIncomplete                 0x080062c3   Thumb Code    40  usbd_core.o(i.USBD_LL_IsoOUTIncomplete)
    USBD_LL_OpenEP                           0x080062eb   Thumb Code    24  usbd_conf.o(i.USBD_LL_OpenEP)
    USBD_LL_PrepareReceive                   0x08006303   Thumb Code    18  usbd_conf.o(i.USBD_LL_PrepareReceive)
    USBD_LL_Reset                            0x08006315   Thumb Code    92  usbd_core.o(i.USBD_LL_Reset)
    USBD_LL_Resume                           0x08006371   Thumb Code    20  usbd_core.o(i.USBD_LL_Resume)
    USBD_LL_SOF                              0x08006385   Thumb Code    26  usbd_core.o(i.USBD_LL_SOF)
    USBD_LL_SetSpeed                         0x0800639f   Thumb Code     6  usbd_core.o(i.USBD_LL_SetSpeed)
    USBD_LL_SetUSBAddress                    0x080063a5   Thumb Code    18  usbd_conf.o(i.USBD_LL_SetUSBAddress)
    USBD_LL_SetupStage                       0x080063b7   Thumb Code    96  usbd_core.o(i.USBD_LL_SetupStage)
    USBD_LL_StallEP                          0x08006417   Thumb Code    18  usbd_conf.o(i.USBD_LL_StallEP)
    USBD_LL_Start                            0x08006429   Thumb Code    18  usbd_conf.o(i.USBD_LL_Start)
    USBD_LL_Suspend                          0x0800643b   Thumb Code    26  usbd_core.o(i.USBD_LL_Suspend)
    USBD_LL_Transmit                         0x08006455   Thumb Code    18  usbd_conf.o(i.USBD_LL_Transmit)
    USBD_ParseSetupRequest                   0x08006467   Thumb Code    44  usbd_ctlreq.o(i.USBD_ParseSetupRequest)
    USBD_RegisterClass                       0x08006493   Thumb Code    58  usbd_core.o(i.USBD_RegisterClass)
    USBD_SetClassConfig                      0x080064cd   Thumb Code    20  usbd_core.o(i.USBD_SetClassConfig)
    USBD_Start                               0x08006599   Thumb Code     4  usbd_core.o(i.USBD_Start)
    USBD_StdDevReq                           0x0800659d   Thumb Code   300  usbd_ctlreq.o(i.USBD_StdDevReq)
    USBD_StdEPReq                            0x080066c9   Thumb Code   352  usbd_ctlreq.o(i.USBD_StdEPReq)
    USBD_StdItfReq                           0x08006829   Thumb Code   114  usbd_ctlreq.o(i.USBD_StdItfReq)
    USBD_static_free                         0x0800689b   Thumb Code     2  usbd_conf.o(i.USBD_static_free)
    USBD_static_malloc                       0x0800689d   Thumb Code     4  usbd_conf.o(i.USBD_static_malloc)
    USB_ActivateEndpoint                     0x080068a5   Thumb Code   122  stm32f4xx_ll_usb.o(i.USB_ActivateEndpoint)
    USB_ActivateSetup                        0x08006925   Thumb Code    28  stm32f4xx_ll_usb.o(i.USB_ActivateSetup)
    USB_CoreInit                             0x08006941   Thumb Code   126  stm32f4xx_ll_usb.o(i.USB_CoreInit)
    USB_DeactivateEndpoint                   0x08006a01   Thumb Code   194  stm32f4xx_ll_usb.o(i.USB_DeactivateEndpoint)
    USB_DevConnect                           0x08006acd   Thumb Code    28  stm32f4xx_ll_usb.o(i.USB_DevConnect)
    USB_DevDisconnect                        0x08006ae9   Thumb Code    28  stm32f4xx_ll_usb.o(i.USB_DevDisconnect)
    USB_DevInit                              0x08006b05   Thumb Code   370  stm32f4xx_ll_usb.o(i.USB_DevInit)
    USB_DisableGlobalInt                     0x08006c81   Thumb Code    12  stm32f4xx_ll_usb.o(i.USB_DisableGlobalInt)
    USB_EP0_OutStart                         0x08006c8d   Thumb Code    84  stm32f4xx_ll_usb.o(i.USB_EP0_OutStart)
    USB_EPClearStall                         0x08006ce5   Thumb Code    88  stm32f4xx_ll_usb.o(i.USB_EPClearStall)
    USB_EPSetStall                           0x08006d3d   Thumb Code    88  stm32f4xx_ll_usb.o(i.USB_EPSetStall)
    USB_EPStartXfer                          0x08006d95   Thumb Code   554  stm32f4xx_ll_usb.o(i.USB_EPStartXfer)
    USB_EPStopXfer                           0x08006fc5   Thumb Code   158  stm32f4xx_ll_usb.o(i.USB_EPStopXfer)
    USB_EnableGlobalInt                      0x08007063   Thumb Code    12  stm32f4xx_ll_usb.o(i.USB_EnableGlobalInt)
    USB_FlushRxFifo                          0x0800706f   Thumb Code    56  stm32f4xx_ll_usb.o(i.USB_FlushRxFifo)
    USB_FlushTxFifo                          0x080070a7   Thumb Code    60  stm32f4xx_ll_usb.o(i.USB_FlushTxFifo)
    USB_GetDevSpeed                          0x080070e3   Thumb Code    26  stm32f4xx_ll_usb.o(i.USB_GetDevSpeed)
    USB_GetMode                              0x080070fd   Thumb Code     8  stm32f4xx_ll_usb.o(i.USB_GetMode)
    USB_ReadDevAllInEpInterrupt              0x08007105   Thumb Code    14  stm32f4xx_ll_usb.o(i.USB_ReadDevAllInEpInterrupt)
    USB_ReadDevAllOutEpInterrupt             0x08007113   Thumb Code    14  stm32f4xx_ll_usb.o(i.USB_ReadDevAllOutEpInterrupt)
    USB_ReadDevInEPInterrupt                 0x08007121   Thumb Code    36  stm32f4xx_ll_usb.o(i.USB_ReadDevInEPInterrupt)
    USB_ReadDevOutEPInterrupt                0x08007145   Thumb Code    16  stm32f4xx_ll_usb.o(i.USB_ReadDevOutEPInterrupt)
    USB_ReadInterrupts                       0x08007155   Thumb Code     8  stm32f4xx_ll_usb.o(i.USB_ReadInterrupts)
    USB_ReadPacket                           0x0800715d   Thumb Code    62  stm32f4xx_ll_usb.o(i.USB_ReadPacket)
    USB_SetCurrentMode                       0x0800719b   Thumb Code    92  stm32f4xx_ll_usb.o(i.USB_SetCurrentMode)
    USB_SetDevAddress                        0x080071f7   Thumb Code    34  stm32f4xx_ll_usb.o(i.USB_SetDevAddress)
    USB_SetTurnaroundTime                    0x08007219   Thumb Code   158  stm32f4xx_ll_usb.o(i.USB_SetTurnaroundTime)
    USB_WritePacket                          0x08007301   Thumb Code    40  stm32f4xx_ll_usb.o(i.USB_WritePacket)
    UsageFault_Handler                       0x08007329   Thumb Code     2  stm32f4xx_it.o(i.UsageFault_Handler)
    assert_failed                            0x0800734b   Thumb Code     2  main.o(i.assert_failed)
    main                                     0x0800734d   Thumb Code   112  main.o(i.main)
    _fp_init                                 0x080073c1   Thumb Code    10  fpinit.o(x$fpl$fpinit)
    __fplib_config_fpu_vfp                   0x080073c9   Thumb Code     0  fpinit.o(x$fpl$fpinit)
    __fplib_config_pureend_doubles           0x080073c9   Thumb Code     0  fpinit.o(x$fpl$fpinit)
    AHBPrescTable                            0x080073d2   Data          16  system_stm32f4xx.o(.constdata)
    APBPrescTable                            0x080073e2   Data           8  system_stm32f4xx.o(.constdata)
    Region$$Table$$Base                      0x080073ec   Number         0  anon$$obj.o(Region$$Table)
    Region$$Table$$Limit                     0x0800740c   Number         0  anon$$obj.o(Region$$Table)
    FS_Desc                                  0x20000004   Data          28  usbd_desc.o(.data)
    USBD_LangIDDesc                          0x20000020   Data           4  usbd_desc.o(.data)
    USBD_FS_DeviceDesc                       0x20000024   Data          18  usbd_desc.o(.data)
    USBD_StringSerial                        0x20000038   Data          26  usbd_desc.o(.data)
    USBD_Interface_fops_FS                   0x20000054   Data          20  usbd_cdc_if.o(.data)
    uwTickFreq                               0x20000068   Data           1  stm32f4xx_hal.o(.data)
    uwTickPrio                               0x2000006c   Data           4  stm32f4xx_hal.o(.data)
    uwTick                                   0x20000070   Data           4  stm32f4xx_hal.o(.data)
    SystemCoreClock                          0x20000074   Data           4  system_stm32f4xx.o(.data)
    USBD_CDC                                 0x200000d0   Data          56  usbd_cdc.o(.data)
    hcan1                                    0x20000108   Data          40  can.o(.bss)
    hcan2                                    0x20000130   Data          40  can.o(.bss)
    hi2c1                                    0x20000158   Data          84  i2c.o(.bss)
    hiwdg                                    0x200001ac   Data          12  iwdg.o(.bss)
    hspi1                                    0x200001b8   Data          88  spi.o(.bss)
    hdma_spi1_rx                             0x20000210   Data          96  spi.o(.bss)
    hdma_spi1_tx                             0x20000270   Data          96  spi.o(.bss)
    htim3                                    0x200002d0   Data          72  tim.o(.bss)
    htim4                                    0x20000318   Data          72  tim.o(.bss)
    htim8                                    0x20000360   Data          72  tim.o(.bss)
    htim10                                   0x200003a8   Data          72  tim.o(.bss)
    huart1                                   0x200003f0   Data          72  usart.o(.bss)
    huart3                                   0x20000438   Data          72  usart.o(.bss)
    huart6                                   0x20000480   Data          72  usart.o(.bss)
    hdma_usart1_rx                           0x200004c8   Data          96  usart.o(.bss)
    hdma_usart1_tx                           0x20000528   Data          96  usart.o(.bss)
    hdma_usart3_rx                           0x20000588   Data          96  usart.o(.bss)
    hdma_usart6_rx                           0x200005e8   Data          96  usart.o(.bss)
    hdma_usart6_tx                           0x20000648   Data          96  usart.o(.bss)
    htim9                                    0x200006a8   Data          72  stm32f4xx_hal_timebase_tim.o(.bss)
    hUsbDeviceFS                             0x200006f0   Data         732  usb_device.o(.bss)
    USBD_StrDesc                             0x200009cc   Data         512  usbd_desc.o(.bss)
    UserRxBufferFS                           0x20000bcc   Data        2048  usbd_cdc_if.o(.bss)
    UserTxBufferFS                           0x200013cc   Data        2048  usbd_cdc_if.o(.bss)
    hpcd_USB_OTG_FS                          0x20001dec   Data        1252  usbd_conf.o(.bss)
    __libspace_start                         0x200022d0   Data          96  libspace.o(.bss)
    __temporary_stack_top$libspace           0x20002330   Data           0  libspace.o(.bss)



==============================================================================

Memory Map of the image

  Image Entry point : 0x08000189

  Load Region LR_IROM1 (Base: 0x08000000, Size: 0x00007514, Max: 0x00100000, ABSOLUTE)

    Execution Region ER_IROM1 (Exec base: 0x08000000, Load base: 0x08000000, Size: 0x0000740c, Max: 0x00100000, ABSOLUTE)

    Exec Addr    Load Addr    Size         Type   Attr      Idx    E Section Name        Object

    0x08000000   0x08000000   0x00000188   Data   RO            3    RESET               startup_stm32f407xx.o
    0x08000188   0x08000188   0x00000008   Code   RO         5776  * !!!main             c_w.l(__main.o)
    0x08000190   0x08000190   0x00000034   Code   RO         5945    !!!scatter          c_w.l(__scatter.o)
    0x080001c4   0x080001c4   0x0000001a   Code   RO         5947    !!handler_copy      c_w.l(__scatter_copy.o)
    0x080001de   0x080001de   0x00000002   PAD
    0x080001e0   0x080001e0   0x0000001c   Code   RO         5949    !!handler_zi        c_w.l(__scatter_zi.o)
    0x080001fc   0x080001fc   0x00000002   Code   RO         5813    .ARM.Collect$$libinit$$00000000  c_w.l(libinit.o)
    0x080001fe   0x080001fe   0x00000004   Code   RO         5825    .ARM.Collect$$libinit$$00000001  c_w.l(libinit2.o)
    0x08000202   0x08000202   0x00000000   Code   RO         5828    .ARM.Collect$$libinit$$00000004  c_w.l(libinit2.o)
    0x08000202   0x08000202   0x00000000   Code   RO         5831    .ARM.Collect$$libinit$$0000000A  c_w.l(libinit2.o)
    0x08000202   0x08000202   0x00000000   Code   RO         5833    .ARM.Collect$$libinit$$0000000C  c_w.l(libinit2.o)
    0x08000202   0x08000202   0x00000000   Code   RO         5835    .ARM.Collect$$libinit$$0000000E  c_w.l(libinit2.o)
    0x08000202   0x08000202   0x00000000   Code   RO         5838    .ARM.Collect$$libinit$$00000011  c_w.l(libinit2.o)
    0x08000202   0x08000202   0x00000000   Code   RO         5840    .ARM.Collect$$libinit$$00000013  c_w.l(libinit2.o)
    0x08000202   0x08000202   0x00000000   Code   RO         5842    .ARM.Collect$$libinit$$00000015  c_w.l(libinit2.o)
    0x08000202   0x08000202   0x00000000   Code   RO         5844    .ARM.Collect$$libinit$$00000017  c_w.l(libinit2.o)
    0x08000202   0x08000202   0x00000000   Code   RO         5846    .ARM.Collect$$libinit$$00000019  c_w.l(libinit2.o)
    0x08000202   0x08000202   0x00000000   Code   RO         5848    .ARM.Collect$$libinit$$0000001B  c_w.l(libinit2.o)
    0x08000202   0x08000202   0x00000000   Code   RO         5850    .ARM.Collect$$libinit$$0000001D  c_w.l(libinit2.o)
    0x08000202   0x08000202   0x00000000   Code   RO         5852    .ARM.Collect$$libinit$$0000001F  c_w.l(libinit2.o)
    0x08000202   0x08000202   0x00000000   Code   RO         5854    .ARM.Collect$$libinit$$00000021  c_w.l(libinit2.o)
    0x08000202   0x08000202   0x00000000   Code   RO         5856    .ARM.Collect$$libinit$$00000023  c_w.l(libinit2.o)
    0x08000202   0x08000202   0x00000000   Code   RO         5858    .ARM.Collect$$libinit$$00000025  c_w.l(libinit2.o)
    0x08000202   0x08000202   0x00000000   Code   RO         5862    .ARM.Collect$$libinit$$0000002C  c_w.l(libinit2.o)
    0x08000202   0x08000202   0x00000000   Code   RO         5864    .ARM.Collect$$libinit$$0000002E  c_w.l(libinit2.o)
    0x08000202   0x08000202   0x00000000   Code   RO         5866    .ARM.Collect$$libinit$$00000030  c_w.l(libinit2.o)
    0x08000202   0x08000202   0x00000000   Code   RO         5868    .ARM.Collect$$libinit$$00000032  c_w.l(libinit2.o)
    0x08000202   0x08000202   0x00000002   Code   RO         5869    .ARM.Collect$$libinit$$00000033  c_w.l(libinit2.o)
    0x08000204   0x08000204   0x00000002   Code   RO         5900    .ARM.Collect$$libshutdown$$00000000  c_w.l(libshutdown.o)
    0x08000206   0x08000206   0x00000000   Code   RO         5926    .ARM.Collect$$libshutdown$$00000002  c_w.l(libshutdown2.o)
    0x08000206   0x08000206   0x00000000   Code   RO         5928    .ARM.Collect$$libshutdown$$00000004  c_w.l(libshutdown2.o)
    0x08000206   0x08000206   0x00000000   Code   RO         5930    .ARM.Collect$$libshutdown$$00000006  c_w.l(libshutdown2.o)
    0x08000206   0x08000206   0x00000000   Code   RO         5933    .ARM.Collect$$libshutdown$$00000009  c_w.l(libshutdown2.o)
    0x08000206   0x08000206   0x00000000   Code   RO         5936    .ARM.Collect$$libshutdown$$0000000C  c_w.l(libshutdown2.o)
    0x08000206   0x08000206   0x00000000   Code   RO         5938    .ARM.Collect$$libshutdown$$0000000E  c_w.l(libshutdown2.o)
    0x08000206   0x08000206   0x00000000   Code   RO         5941    .ARM.Collect$$libshutdown$$00000011  c_w.l(libshutdown2.o)
    0x08000206   0x08000206   0x00000002   Code   RO         5942    .ARM.Collect$$libshutdown$$00000012  c_w.l(libshutdown2.o)
    0x08000208   0x08000208   0x00000000   Code   RO         5778    .ARM.Collect$$rtentry$$00000000  c_w.l(__rtentry.o)
    0x08000208   0x08000208   0x00000000   Code   RO         5784    .ARM.Collect$$rtentry$$00000002  c_w.l(__rtentry2.o)
    0x08000208   0x08000208   0x00000006   Code   RO         5796    .ARM.Collect$$rtentry$$00000004  c_w.l(__rtentry4.o)
    0x0800020e   0x0800020e   0x00000000   Code   RO         5786    .ARM.Collect$$rtentry$$00000009  c_w.l(__rtentry2.o)
    0x0800020e   0x0800020e   0x00000004   Code   RO         5787    .ARM.Collect$$rtentry$$0000000A  c_w.l(__rtentry2.o)
    0x08000212   0x08000212   0x00000000   Code   RO         5789    .ARM.Collect$$rtentry$$0000000C  c_w.l(__rtentry2.o)
    0x08000212   0x08000212   0x00000008   Code   RO         5790    .ARM.Collect$$rtentry$$0000000D  c_w.l(__rtentry2.o)
    0x0800021a   0x0800021a   0x00000002   Code   RO         5817    .ARM.Collect$$rtexit$$00000000  c_w.l(rtexit.o)
    0x0800021c   0x0800021c   0x00000000   Code   RO         5873    .ARM.Collect$$rtexit$$00000002  c_w.l(rtexit2.o)
    0x0800021c   0x0800021c   0x00000004   Code   RO         5874    .ARM.Collect$$rtexit$$00000003  c_w.l(rtexit2.o)
    0x08000220   0x08000220   0x00000006   Code   RO         5875    .ARM.Collect$$rtexit$$00000004  c_w.l(rtexit2.o)
    0x08000226   0x08000226   0x00000002   PAD
    0x08000228   0x08000228   0x00000040   Code   RO            4    .text               startup_stm32f407xx.o
    0x08000268   0x08000268   0x000000ee   Code   RO         5770    .text               c_w.l(lludivv7m.o)
    0x08000356   0x08000356   0x0000004e   Code   RO         5772    .text               c_w.l(rt_memclr_w.o)
    0x080003a4   0x080003a4   0x00000006   Code   RO         5774    .text               c_w.l(heapauxi.o)
    0x080003aa   0x080003aa   0x0000004a   Code   RO         5800    .text               c_w.l(sys_stackheap_outer.o)
    0x080003f4   0x080003f4   0x00000012   Code   RO         5802    .text               c_w.l(exit.o)
    0x08000406   0x08000406   0x00000002   PAD
    0x08000408   0x08000408   0x00000008   Code   RO         5814    .text               c_w.l(libspace.o)
    0x08000410   0x08000410   0x0000000c   Code   RO         5870    .text               c_w.l(sys_exit.o)
    0x0800041c   0x0800041c   0x00000002   Code   RO         5889    .text               c_w.l(use_no_semi.o)
    0x0800041e   0x0800041e   0x00000000   Code   RO         5891    .text               c_w.l(indicate_semi.o)
    0x0800041e   0x0800041e   0x00000002   Code   RO          574    i.BusFault_Handler  stm32f4xx_it.o
    0x08000420   0x08000420   0x0000000c   Code   RO          575    i.CAN1_RX0_IRQHandler  stm32f4xx_it.o
    0x0800042c   0x0800042c   0x0000000c   Code   RO          576    i.CAN1_TX_IRQHandler  stm32f4xx_it.o
    0x08000438   0x08000438   0x0000000c   Code   RO          577    i.CAN2_RX0_IRQHandler  stm32f4xx_it.o
    0x08000444   0x08000444   0x0000000c   Code   RO          578    i.CAN2_TX_IRQHandler  stm32f4xx_it.o
    0x08000450   0x08000450   0x00000004   Code   RO          955    i.CDC_Control_FS    usbd_cdc_if.o
    0x08000454   0x08000454   0x00000004   Code   RO          956    i.CDC_DeInit_FS     usbd_cdc_if.o
    0x08000458   0x08000458   0x00000024   Code   RO          957    i.CDC_Init_FS       usbd_cdc_if.o
    0x0800047c   0x0800047c   0x00000018   Code   RO          958    i.CDC_Receive_FS    usbd_cdc_if.o
    0x08000494   0x08000494   0x00000004   Code   RO          959    i.CDC_TransmitCplt_FS  usbd_cdc_if.o
    0x08000498   0x08000498   0x0000000c   Code   RO          579    i.DMA1_Stream1_IRQHandler  stm32f4xx_it.o
    0x080004a4   0x080004a4   0x0000000c   Code   RO          580    i.DMA2_Stream0_IRQHandler  stm32f4xx_it.o
    0x080004b0   0x080004b0   0x0000000c   Code   RO          581    i.DMA2_Stream1_IRQHandler  stm32f4xx_it.o
    0x080004bc   0x080004bc   0x0000000c   Code   RO          582    i.DMA2_Stream2_IRQHandler  stm32f4xx_it.o
    0x080004c8   0x080004c8   0x0000000c   Code   RO          583    i.DMA2_Stream3_IRQHandler  stm32f4xx_it.o
    0x080004d4   0x080004d4   0x0000000c   Code   RO          584    i.DMA2_Stream6_IRQHandler  stm32f4xx_it.o
    0x080004e0   0x080004e0   0x0000000c   Code   RO          585    i.DMA2_Stream7_IRQHandler  stm32f4xx_it.o
    0x080004ec   0x080004ec   0x00000028   Code   RO         2278    i.DMA_CalcBaseAndBitshift  stm32f4xx_hal_dma.o
    0x08000514   0x08000514   0x00000054   Code   RO         2279    i.DMA_CheckFifoParam  stm32f4xx_hal_dma.o
    0x08000568   0x08000568   0x00000002   Code   RO          586    i.DebugMon_Handler  stm32f4xx_it.o
    0x0800056a   0x0800056a   0x00000006   Code   RO          587    i.EXTI0_IRQHandler  stm32f4xx_it.o
    0x08000570   0x08000570   0x00000012   Code   RO          588    i.EXTI9_5_IRQHandler  stm32f4xx_it.o
    0x08000582   0x08000582   0x00000004   Code   RO           13    i.Error_Handler     main.o
    0x08000586   0x08000586   0x00000002   Code   RO         2963    i.HAL_CAN_ErrorCallback  stm32f4xx_hal_can.o
    0x08000588   0x08000588   0x000001fc   Code   RO         2970    i.HAL_CAN_IRQHandler  stm32f4xx_hal_can.o
    0x08000784   0x08000784   0x000002d8   Code   RO         2971    i.HAL_CAN_Init      stm32f4xx_hal_can.o
    0x08000a5c   0x08000a5c   0x0000011c   Code   RO          256    i.HAL_CAN_MspInit   can.o
    0x08000b78   0x08000b78   0x00000002   Code   RO         2978    i.HAL_CAN_RxFifo0FullCallback  stm32f4xx_hal_can.o
    0x08000b7a   0x08000b7a   0x00000002   Code   RO         2979    i.HAL_CAN_RxFifo0MsgPendingCallback  stm32f4xx_hal_can.o
    0x08000b7c   0x08000b7c   0x00000002   Code   RO         2980    i.HAL_CAN_RxFifo1FullCallback  stm32f4xx_hal_can.o
    0x08000b7e   0x08000b7e   0x00000002   Code   RO         2981    i.HAL_CAN_RxFifo1MsgPendingCallback  stm32f4xx_hal_can.o
    0x08000b80   0x08000b80   0x00000002   Code   RO         2982    i.HAL_CAN_SleepCallback  stm32f4xx_hal_can.o
    0x08000b82   0x08000b82   0x00000002   Code   RO         2985    i.HAL_CAN_TxMailbox0AbortCallback  stm32f4xx_hal_can.o
    0x08000b84   0x08000b84   0x00000002   Code   RO         2986    i.HAL_CAN_TxMailbox0CompleteCallback  stm32f4xx_hal_can.o
    0x08000b86   0x08000b86   0x00000002   Code   RO         2987    i.HAL_CAN_TxMailbox1AbortCallback  stm32f4xx_hal_can.o
    0x08000b88   0x08000b88   0x00000002   Code   RO         2988    i.HAL_CAN_TxMailbox1CompleteCallback  stm32f4xx_hal_can.o
    0x08000b8a   0x08000b8a   0x00000002   Code   RO         2989    i.HAL_CAN_TxMailbox2AbortCallback  stm32f4xx_hal_can.o
    0x08000b8c   0x08000b8c   0x00000002   Code   RO         2990    i.HAL_CAN_TxMailbox2CompleteCallback  stm32f4xx_hal_can.o
    0x08000b8e   0x08000b8e   0x00000002   Code   RO         2992    i.HAL_CAN_WakeUpFromRxMsgCallback  stm32f4xx_hal_can.o
    0x08000b90   0x08000b90   0x00000092   Code   RO         2281    i.HAL_DMA_Abort     stm32f4xx_hal_dma.o
    0x08000c22   0x08000c22   0x00000024   Code   RO         2282    i.HAL_DMA_Abort_IT  stm32f4xx_hal_dma.o
    0x08000c46   0x08000c46   0x00000002   PAD
    0x08000c48   0x08000c48   0x000001a0   Code   RO         2286    i.HAL_DMA_IRQHandler  stm32f4xx_hal_dma.o
    0x08000de8   0x08000de8   0x000002e0   Code   RO         2287    i.HAL_DMA_Init      stm32f4xx_hal_dma.o
    0x080010c8   0x080010c8   0x00000024   Code   RO         2706    i.HAL_Delay         stm32f4xx_hal.o
    0x080010ec   0x080010ec   0x00000002   Code   RO         2172    i.HAL_GPIO_EXTI_Callback  stm32f4xx_hal_gpio.o
    0x080010ee   0x080010ee   0x00000002   PAD
    0x080010f0   0x080010f0   0x00000018   Code   RO         2173    i.HAL_GPIO_EXTI_IRQHandler  stm32f4xx_hal_gpio.o
    0x08001108   0x08001108   0x000002fc   Code   RO         2174    i.HAL_GPIO_Init     stm32f4xx_hal_gpio.o
    0x08001404   0x08001404   0x0000006c   Code   RO         2178    i.HAL_GPIO_WritePin  stm32f4xx_hal_gpio.o
    0x08001470   0x08001470   0x0000000c   Code   RO         2712    i.HAL_GetTick       stm32f4xx_hal.o
    0x0800147c   0x0800147c   0x00000288   Code   RO         3202    i.HAL_I2C_Init      stm32f4xx_hal_i2c.o
    0x08001704   0x08001704   0x0000006c   Code   RO          329    i.HAL_I2C_MspInit   i2c.o
    0x08001770   0x08001770   0x000000e0   Code   RO         3646    i.HAL_IWDG_Init     stm32f4xx_hal_iwdg.o
    0x08001850   0x08001850   0x00000010   Code   RO         2718    i.HAL_IncTick       stm32f4xx_hal.o
    0x08001860   0x08001860   0x00000034   Code   RO         2719    i.HAL_Init          stm32f4xx_hal.o
    0x08001894   0x08001894   0x0000008c   Code   RO          782    i.HAL_InitTick      stm32f4xx_hal_timebase_tim.o
    0x08001920   0x08001920   0x00000030   Code   RO          758    i.HAL_MspInit       stm32f4xx_hal_msp.o
    0x08001950   0x08001950   0x00000064   Code   RO         2564    i.HAL_NVIC_EnableIRQ  stm32f4xx_hal_cortex.o
    0x080019b4   0x080019b4   0x000000a0   Code   RO         2570    i.HAL_NVIC_SetPriority  stm32f4xx_hal_cortex.o
    0x08001a54   0x08001a54   0x00000080   Code   RO         2571    i.HAL_NVIC_SetPriorityGrouping  stm32f4xx_hal_cortex.o
    0x08001ad4   0x08001ad4   0x00000002   Code   RO         1458    i.HAL_PCDEx_LPM_Callback  stm32f4xx_hal_pcd_ex.o
    0x08001ad6   0x08001ad6   0x00000008   Code   RO         1459    i.HAL_PCDEx_SetRxFiFo  stm32f4xx_hal_pcd_ex.o
    0x08001ade   0x08001ade   0x00000044   Code   RO         1460    i.HAL_PCDEx_SetTxFiFo  stm32f4xx_hal_pcd_ex.o
    0x08001b22   0x08001b22   0x00000008   Code   RO         1012    i.HAL_PCD_ConnectCallback  usbd_conf.o
    0x08001b2a   0x08001b2a   0x00000012   Code   RO         1013    i.HAL_PCD_DataInStageCallback  usbd_conf.o
    0x08001b3c   0x08001b3c   0x00000014   Code   RO         1014    i.HAL_PCD_DataOutStageCallback  usbd_conf.o
    0x08001b50   0x08001b50   0x00000008   Code   RO         1015    i.HAL_PCD_DisconnectCallback  usbd_conf.o
    0x08001b58   0x08001b58   0x0000001e   Code   RO         1228    i.HAL_PCD_EP_Abort  stm32f4xx_hal_pcd.o
    0x08001b76   0x08001b76   0x0000004a   Code   RO         1229    i.HAL_PCD_EP_Close  stm32f4xx_hal_pcd.o
    0x08001bc0   0x08001bc0   0x0000005a   Code   RO         1230    i.HAL_PCD_EP_ClrStall  stm32f4xx_hal_pcd.o
    0x08001c1a   0x08001c1a   0x00000012   Code   RO         1232    i.HAL_PCD_EP_GetRxCount  stm32f4xx_hal_pcd.o
    0x08001c2c   0x08001c2c   0x0000005e   Code   RO         1233    i.HAL_PCD_EP_Open   stm32f4xx_hal_pcd.o
    0x08001c8a   0x08001c8a   0x00000038   Code   RO         1234    i.HAL_PCD_EP_Receive  stm32f4xx_hal_pcd.o
    0x08001cc2   0x08001cc2   0x00000072   Code   RO         1235    i.HAL_PCD_EP_SetStall  stm32f4xx_hal_pcd.o
    0x08001d34   0x08001d34   0x00000032   Code   RO         1236    i.HAL_PCD_EP_Transmit  stm32f4xx_hal_pcd.o
    0x08001d66   0x08001d66   0x00000002   PAD
    0x08001d68   0x08001d68   0x0000055c   Code   RO         1238    i.HAL_PCD_IRQHandler  stm32f4xx_hal_pcd.o
    0x080022c4   0x080022c4   0x00000008   Code   RO         1016    i.HAL_PCD_ISOINIncompleteCallback  usbd_conf.o
    0x080022cc   0x080022cc   0x00000008   Code   RO         1017    i.HAL_PCD_ISOOUTIncompleteCallback  usbd_conf.o
    0x080022d4   0x080022d4   0x0000011c   Code   RO         1241    i.HAL_PCD_Init      stm32f4xx_hal_pcd.o
    0x080023f0   0x080023f0   0x00000084   Code   RO         1019    i.HAL_PCD_MspInit   usbd_conf.o
    0x08002474   0x08002474   0x0000002c   Code   RO         1020    i.HAL_PCD_ResetCallback  usbd_conf.o
    0x080024a0   0x080024a0   0x00000008   Code   RO         1021    i.HAL_PCD_ResumeCallback  usbd_conf.o
    0x080024a8   0x080024a8   0x00000008   Code   RO         1022    i.HAL_PCD_SOFCallback  usbd_conf.o
    0x080024b0   0x080024b0   0x00000026   Code   RO         1247    i.HAL_PCD_SetAddress  stm32f4xx_hal_pcd.o
    0x080024d6   0x080024d6   0x0000000e   Code   RO         1023    i.HAL_PCD_SetupStageCallback  usbd_conf.o
    0x080024e4   0x080024e4   0x00000042   Code   RO         1250    i.HAL_PCD_Start     stm32f4xx_hal_pcd.o
    0x08002526   0x08002526   0x00000002   PAD
    0x08002528   0x08002528   0x00000030   Code   RO         1024    i.HAL_PCD_SuspendCallback  usbd_conf.o
    0x08002558   0x08002558   0x0000024c   Code   RO         1805    i.HAL_RCC_ClockConfig  stm32f4xx_hal_rcc.o
    0x080027a4   0x080027a4   0x00000040   Code   RO         1809    i.HAL_RCC_GetClockConfig  stm32f4xx_hal_rcc.o
    0x080027e4   0x080027e4   0x0000000c   Code   RO         1810    i.HAL_RCC_GetHCLKFreq  stm32f4xx_hal_rcc.o
    0x080027f0   0x080027f0   0x00000020   Code   RO         1812    i.HAL_RCC_GetPCLK1Freq  stm32f4xx_hal_rcc.o
    0x08002810   0x08002810   0x00000020   Code   RO         1813    i.HAL_RCC_GetPCLK2Freq  stm32f4xx_hal_rcc.o
    0x08002830   0x08002830   0x00000064   Code   RO         1814    i.HAL_RCC_GetSysClockFreq  stm32f4xx_hal_rcc.o
    0x08002894   0x08002894   0x000004a8   Code   RO         1817    i.HAL_RCC_OscConfig  stm32f4xx_hal_rcc.o
    0x08002d3c   0x08002d3c   0x0000024c   Code   RO         3687    i.HAL_SPI_Init      stm32f4xx_hal_spi.o
    0x08002f88   0x08002f88   0x000000fc   Code   RO          401    i.HAL_SPI_MspInit   spi.o
    0x08003084   0x08003084   0x00000002   Code   RO         4705    i.HAL_TIMEx_BreakCallback  stm32f4xx_hal_tim_ex.o
    0x08003086   0x08003086   0x00000002   Code   RO         4706    i.HAL_TIMEx_CommutCallback  stm32f4xx_hal_tim_ex.o
    0x08003088   0x08003088   0x00000148   Code   RO         4708    i.HAL_TIMEx_ConfigBreakDeadTime  stm32f4xx_hal_tim_ex.o
    0x080031d0   0x080031d0   0x00000150   Code   RO         4724    i.HAL_TIMEx_MasterConfigSynchronization  stm32f4xx_hal_tim_ex.o
    0x08003320   0x08003320   0x00000194   Code   RO         4000    i.HAL_TIM_Base_Init  stm32f4xx_hal_tim.o
    0x080034b4   0x080034b4   0x00000040   Code   RO          443    i.HAL_TIM_Base_MspInit  tim.o
    0x080034f4   0x080034f4   0x00000130   Code   RO         4005    i.HAL_TIM_Base_Start_IT  stm32f4xx_hal_tim.o
    0x08003624   0x08003624   0x00000410   Code   RO         4009    i.HAL_TIM_ConfigClockSource  stm32f4xx_hal_tim.o
    0x08003a34   0x08003a34   0x00000002   Code   RO         4034    i.HAL_TIM_IC_CaptureCallback  stm32f4xx_hal_tim.o
    0x08003a36   0x08003a36   0x00000130   Code   RO         4048    i.HAL_TIM_IRQHandler  stm32f4xx_hal_tim.o
    0x08003b66   0x08003b66   0x00000002   PAD
    0x08003b68   0x08003b68   0x000000e4   Code   RO          444    i.HAL_TIM_MspPostInit  tim.o
    0x08003c4c   0x08003c4c   0x00000002   Code   RO         4051    i.HAL_TIM_OC_DelayElapsedCallback  stm32f4xx_hal_tim.o
    0x08003c4e   0x08003c4e   0x00000002   PAD
    0x08003c50   0x08003c50   0x00000268   Code   RO         4072    i.HAL_TIM_PWM_ConfigChannel  stm32f4xx_hal_tim.o
    0x08003eb8   0x08003eb8   0x00000194   Code   RO         4075    i.HAL_TIM_PWM_Init  stm32f4xx_hal_tim.o
    0x0800404c   0x0800404c   0x00000040   Code   RO          446    i.HAL_TIM_PWM_MspInit  tim.o
    0x0800408c   0x0800408c   0x00000002   Code   RO         4078    i.HAL_TIM_PWM_PulseFinishedCallback  stm32f4xx_hal_tim.o
    0x0800408e   0x0800408e   0x00000002   PAD
    0x08004090   0x08004090   0x00000014   Code   RO           14    i.HAL_TIM_PeriodElapsedCallback  main.o
    0x080040a4   0x080040a4   0x00000002   Code   RO         4091    i.HAL_TIM_TriggerCallback  stm32f4xx_hal_tim.o
    0x080040a6   0x080040a6   0x00000002   Code   RO         4984    i.HAL_UARTEx_RxEventCallback  stm32f4xx_hal_uart.o
    0x080040a8   0x080040a8   0x00000002   Code   RO         4998    i.HAL_UART_ErrorCallback  stm32f4xx_hal_uart.o
    0x080040aa   0x080040aa   0x00000002   PAD
    0x080040ac   0x080040ac   0x00000270   Code   RO         5001    i.HAL_UART_IRQHandler  stm32f4xx_hal_uart.o
    0x0800431c   0x0800431c   0x0000014c   Code   RO         5002    i.HAL_UART_Init     stm32f4xx_hal_uart.o
    0x08004468   0x08004468   0x0000028c   Code   RO          521    i.HAL_UART_MspInit  usart.o
    0x080046f4   0x080046f4   0x00000002   Code   RO         5008    i.HAL_UART_RxCpltCallback  stm32f4xx_hal_uart.o
    0x080046f6   0x080046f6   0x00000002   Code   RO         5013    i.HAL_UART_TxCpltCallback  stm32f4xx_hal_uart.o
    0x080046f8   0x080046f8   0x00000002   Code   RO          589    i.HardFault_Handler  stm32f4xx_it.o
    0x080046fa   0x080046fa   0x00000002   PAD
    0x080046fc   0x080046fc   0x00000038   Code   RO          869    i.IntToUnicode      usbd_desc.o
    0x08004734   0x08004734   0x00000048   Code   RO          257    i.MX_CAN1_Init      can.o
    0x0800477c   0x0800477c   0x00000048   Code   RO          258    i.MX_CAN2_Init      can.o
    0x080047c4   0x080047c4   0x0000009c   Code   RO          304    i.MX_DMA_Init       dma.o
    0x08004860   0x08004860   0x0000027c   Code   RO          231    i.MX_GPIO_Init      gpio.o
    0x08004adc   0x08004adc   0x00000040   Code   RO          330    i.MX_I2C1_Init      i2c.o
    0x08004b1c   0x08004b1c   0x0000002c   Code   RO          370    i.MX_IWDG_Init      iwdg.o
    0x08004b48   0x08004b48   0x00000048   Code   RO          402    i.MX_SPI1_Init      spi.o
    0x08004b90   0x08004b90   0x00000068   Code   RO          447    i.MX_TIM10_Init     tim.o
    0x08004bf8   0x08004bf8   0x00000070   Code   RO          448    i.MX_TIM3_Init      tim.o
    0x08004c68   0x08004c68   0x00000070   Code   RO          449    i.MX_TIM4_Init      tim.o
    0x08004cd8   0x08004cd8   0x000000d8   Code   RO          450    i.MX_TIM8_Init      tim.o
    0x08004db0   0x08004db0   0x00000038   Code   RO          522    i.MX_USART1_UART_Init  usart.o
    0x08004de8   0x08004de8   0x00000040   Code   RO          523    i.MX_USART3_UART_Init  usart.o
    0x08004e28   0x08004e28   0x00000038   Code   RO          524    i.MX_USART6_UART_Init  usart.o
    0x08004e60   0x08004e60   0x00000054   Code   RO          821    i.MX_USB_DEVICE_Init  usb_device.o
    0x08004eb4   0x08004eb4   0x00000002   Code   RO          590    i.MemManage_Handler  stm32f4xx_it.o
    0x08004eb6   0x08004eb6   0x00000002   Code   RO          591    i.NMI_Handler       stm32f4xx_it.o
    0x08004eb8   0x08004eb8   0x0000000c   Code   RO          592    i.OTG_FS_IRQHandler  stm32f4xx_it.o
    0x08004ec4   0x08004ec4   0x000000cc   Code   RO         1254    i.PCD_EP_OutXfrComplete_int  stm32f4xx_hal_pcd.o
    0x08004f90   0x08004f90   0x000000a2   Code   RO         1255    i.PCD_WriteEmptyTxFifo  stm32f4xx_hal_pcd.o
    0x08005032   0x08005032   0x00000002   Code   RO          593    i.PendSV_Handler    stm32f4xx_it.o
    0x08005034   0x08005034   0x00000002   Code   RO          594    i.SVC_Handler       stm32f4xx_it.o
    0x08005036   0x08005036   0x0000000a   Code   RO         5532    i.SWAPBYTE          usbd_ctlreq.o
    0x08005040   0x08005040   0x00000002   Code   RO          595    i.SysTick_Handler   stm32f4xx_it.o
    0x08005042   0x08005042   0x00000002   PAD
    0x08005044   0x08005044   0x0000009c   Code   RO           15    i.SystemClock_Config  main.o
    0x080050e0   0x080050e0   0x00000010   Code   RO         5336    i.SystemInit        system_stm32f4xx.o
    0x080050f0   0x080050f0   0x0000000c   Code   RO          596    i.TIM1_BRK_TIM9_IRQHandler  stm32f4xx_it.o
    0x080050fc   0x080050fc   0x000000d8   Code   RO         4093    i.TIM_Base_SetConfig  stm32f4xx_hal_tim.o
    0x080051d4   0x080051d4   0x00000014   Code   RO         4104    i.TIM_ETR_SetConfig  stm32f4xx_hal_tim.o
    0x080051e8   0x080051e8   0x00000010   Code   RO         4105    i.TIM_ITRx_SetConfig  stm32f4xx_hal_tim.o
    0x080051f8   0x080051f8   0x000000e4   Code   RO         4106    i.TIM_OC1_SetConfig  stm32f4xx_hal_tim.o
    0x080052dc   0x080052dc   0x000000ec   Code   RO         4107    i.TIM_OC2_SetConfig  stm32f4xx_hal_tim.o
    0x080053c8   0x080053c8   0x000000ec   Code   RO         4108    i.TIM_OC3_SetConfig  stm32f4xx_hal_tim.o
    0x080054b4   0x080054b4   0x000000a4   Code   RO         4109    i.TIM_OC4_SetConfig  stm32f4xx_hal_tim.o
    0x08005558   0x08005558   0x00000022   Code   RO         4111    i.TIM_TI1_ConfigInputStage  stm32f4xx_hal_tim.o
    0x0800557a   0x0800557a   0x00000024   Code   RO         4113    i.TIM_TI2_ConfigInputStage  stm32f4xx_hal_tim.o
    0x0800559e   0x0800559e   0x00000010   Code   RO         5015    i.UART_DMAAbortOnError  stm32f4xx_hal_uart.o
    0x080055ae   0x080055ae   0x0000004e   Code   RO         5025    i.UART_EndRxTransfer  stm32f4xx_hal_uart.o
    0x080055fc   0x080055fc   0x000000c2   Code   RO         5027    i.UART_Receive_IT   stm32f4xx_hal_uart.o
    0x080056be   0x080056be   0x00000002   PAD
    0x080056c0   0x080056c0   0x000001a0   Code   RO         5028    i.UART_SetConfig    stm32f4xx_hal_uart.o
    0x08005860   0x08005860   0x0000000c   Code   RO          597    i.USART1_IRQHandler  stm32f4xx_it.o
    0x0800586c   0x0800586c   0x0000000c   Code   RO          598    i.USART3_IRQHandler  stm32f4xx_it.o
    0x08005878   0x08005878   0x0000000c   Code   RO          599    i.USART6_IRQHandler  stm32f4xx_it.o
    0x08005884   0x08005884   0x00000076   Code   RO         5665    i.USBD_CDC_DataIn   usbd_cdc.o
    0x080058fa   0x080058fa   0x0000003c   Code   RO         5666    i.USBD_CDC_DataOut  usbd_cdc.o
    0x08005936   0x08005936   0x00000002   PAD
    0x08005938   0x08005938   0x00000090   Code   RO         5667    i.USBD_CDC_DeInit   usbd_cdc.o
    0x080059c8   0x080059c8   0x00000036   Code   RO         5668    i.USBD_CDC_EP0_RxReady  usbd_cdc.o
    0x080059fe   0x080059fe   0x00000002   PAD
    0x08005a00   0x08005a00   0x0000000c   Code   RO         5669    i.USBD_CDC_GetDeviceQualifierDescriptor  usbd_cdc.o
    0x08005a0c   0x08005a0c   0x0000003c   Code   RO         5670    i.USBD_CDC_GetFSCfgDesc  usbd_cdc.o
    0x08005a48   0x08005a48   0x00000040   Code   RO         5671    i.USBD_CDC_GetHSCfgDesc  usbd_cdc.o
    0x08005a88   0x08005a88   0x0000003c   Code   RO         5672    i.USBD_CDC_GetOtherSpeedCfgDesc  usbd_cdc.o
    0x08005ac4   0x08005ac4   0x00000118   Code   RO         5673    i.USBD_CDC_Init     usbd_cdc.o
    0x08005bdc   0x08005bdc   0x00000038   Code   RO         5674    i.USBD_CDC_ReceivePacket  usbd_cdc.o
    0x08005c14   0x08005c14   0x00000016   Code   RO         5675    i.USBD_CDC_RegisterInterface  usbd_cdc.o
    0x08005c2a   0x08005c2a   0x0000001a   Code   RO         5676    i.USBD_CDC_SetRxBuffer  usbd_cdc.o
    0x08005c44   0x08005c44   0x0000001e   Code   RO         5677    i.USBD_CDC_SetTxBuffer  usbd_cdc.o
    0x08005c62   0x08005c62   0x000000d4   Code   RO         5678    i.USBD_CDC_Setup    usbd_cdc.o
    0x08005d36   0x08005d36   0x00000014   Code   RO         5373    i.USBD_ClrClassConfig  usbd_core.o
    0x08005d4a   0x08005d4a   0x00000004   Code   RO         5374    i.USBD_CoreFindEP   usbd_core.o
    0x08005d4e   0x08005d4e   0x00000004   Code   RO         5375    i.USBD_CoreFindIF   usbd_core.o
    0x08005d52   0x08005d52   0x00000010   Code   RO         5605    i.USBD_CtlContinueRx  usbd_ioreq.o
    0x08005d62   0x08005d62   0x00000010   Code   RO         5606    i.USBD_CtlContinueSendData  usbd_ioreq.o
    0x08005d72   0x08005d72   0x00000016   Code   RO         5533    i.USBD_CtlError     usbd_ctlreq.o
    0x08005d88   0x08005d88   0x0000001e   Code   RO         5607    i.USBD_CtlPrepareRx  usbd_ioreq.o
    0x08005da6   0x08005da6   0x00000016   Code   RO         5608    i.USBD_CtlReceiveStatus  usbd_ioreq.o
    0x08005dbc   0x08005dbc   0x0000001a   Code   RO         5609    i.USBD_CtlSendData  usbd_ioreq.o
    0x08005dd6   0x08005dd6   0x00000016   Code   RO         5610    i.USBD_CtlSendStatus  usbd_ioreq.o
    0x08005dec   0x08005dec   0x00000020   Code   RO          870    i.USBD_FS_ConfigStrDescriptor  usbd_desc.o
    0x08005e0c   0x08005e0c   0x0000000c   Code   RO          871    i.USBD_FS_DeviceDescriptor  usbd_desc.o
    0x08005e18   0x08005e18   0x00000024   Code   RO          872    i.USBD_FS_InterfaceStrDescriptor  usbd_desc.o
    0x08005e3c   0x08005e3c   0x0000000c   Code   RO          873    i.USBD_FS_LangIDStrDescriptor  usbd_desc.o
    0x08005e48   0x08005e48   0x00000028   Code   RO          874    i.USBD_FS_ManufacturerStrDescriptor  usbd_desc.o
    0x08005e70   0x08005e70   0x0000002c   Code   RO          875    i.USBD_FS_ProductStrDescriptor  usbd_desc.o
    0x08005e9c   0x08005e9c   0x00000038   Code   RO          876    i.USBD_FS_SerialStrDescriptor  usbd_desc.o
    0x08005ed4   0x08005ed4   0x000000e6   Code   RO         5534    i.USBD_GetDescriptor  usbd_ctlreq.o
    0x08005fba   0x08005fba   0x0000003a   Code   RO         5377    i.USBD_GetEpDesc    usbd_core.o
    0x08005ff4   0x08005ff4   0x0000000e   Code   RO         5378    i.USBD_GetNextDesc  usbd_core.o
    0x08006002   0x08006002   0x00000048   Code   RO         5535    i.USBD_GetString    usbd_ctlreq.o
    0x0800604a   0x0800604a   0x00000018   Code   RO         1025    i.USBD_Get_USB_Status  usbd_conf.o
    0x08006062   0x08006062   0x00000026   Code   RO         5379    i.USBD_Init         usbd_core.o
    0x08006088   0x08006088   0x00000012   Code   RO         1026    i.USBD_LL_ClearStallEP  usbd_conf.o
    0x0800609a   0x0800609a   0x00000012   Code   RO         1027    i.USBD_LL_CloseEP   usbd_conf.o
    0x080060ac   0x080060ac   0x000000b6   Code   RO         5380    i.USBD_LL_DataInStage  usbd_core.o
    0x08006162   0x08006162   0x0000008e   Code   RO         5381    i.USBD_LL_DataOutStage  usbd_core.o
    0x080061f0   0x080061f0   0x00000004   Code   RO         5382    i.USBD_LL_DevConnected  usbd_core.o
    0x080061f4   0x080061f4   0x0000001e   Code   RO         5383    i.USBD_LL_DevDisconnected  usbd_core.o
    0x08006212   0x08006212   0x00000008   Code   RO         1031    i.USBD_LL_GetRxDataSize  usbd_conf.o
    0x0800621a   0x0800621a   0x00000002   PAD
    0x0800621c   0x0800621c   0x00000060   Code   RO         1032    i.USBD_LL_Init      usbd_conf.o
    0x0800627c   0x0800627c   0x0000001e   Code   RO         1033    i.USBD_LL_IsStallEP  usbd_conf.o
    0x0800629a   0x0800629a   0x00000028   Code   RO         5384    i.USBD_LL_IsoINIncomplete  usbd_core.o
    0x080062c2   0x080062c2   0x00000028   Code   RO         5385    i.USBD_LL_IsoOUTIncomplete  usbd_core.o
    0x080062ea   0x080062ea   0x00000018   Code   RO         1034    i.USBD_LL_OpenEP    usbd_conf.o
    0x08006302   0x08006302   0x00000012   Code   RO         1035    i.USBD_LL_PrepareReceive  usbd_conf.o
    0x08006314   0x08006314   0x0000005c   Code   RO         5386    i.USBD_LL_Reset     usbd_core.o
    0x08006370   0x08006370   0x00000014   Code   RO         5387    i.USBD_LL_Resume    usbd_core.o
    0x08006384   0x08006384   0x0000001a   Code   RO         5388    i.USBD_LL_SOF       usbd_core.o
    0x0800639e   0x0800639e   0x00000006   Code   RO         5389    i.USBD_LL_SetSpeed  usbd_core.o
    0x080063a4   0x080063a4   0x00000012   Code   RO         1036    i.USBD_LL_SetUSBAddress  usbd_conf.o
    0x080063b6   0x080063b6   0x00000060   Code   RO         5390    i.USBD_LL_SetupStage  usbd_core.o
    0x08006416   0x08006416   0x00000012   Code   RO         1037    i.USBD_LL_StallEP   usbd_conf.o
    0x08006428   0x08006428   0x00000012   Code   RO         1038    i.USBD_LL_Start     usbd_conf.o
    0x0800643a   0x0800643a   0x0000001a   Code   RO         5391    i.USBD_LL_Suspend   usbd_core.o
    0x08006454   0x08006454   0x00000012   Code   RO         1040    i.USBD_LL_Transmit  usbd_conf.o
    0x08006466   0x08006466   0x0000002c   Code   RO         5536    i.USBD_ParseSetupRequest  usbd_ctlreq.o
    0x08006492   0x08006492   0x0000003a   Code   RO         5392    i.USBD_RegisterClass  usbd_core.o
    0x080064cc   0x080064cc   0x00000014   Code   RO         5394    i.USBD_SetClassConfig  usbd_core.o
    0x080064e0   0x080064e0   0x000000b8   Code   RO         5537    i.USBD_SetConfig    usbd_ctlreq.o
    0x08006598   0x08006598   0x00000004   Code   RO         5395    i.USBD_Start        usbd_core.o
    0x0800659c   0x0800659c   0x0000012c   Code   RO         5538    i.USBD_StdDevReq    usbd_ctlreq.o
    0x080066c8   0x080066c8   0x00000160   Code   RO         5539    i.USBD_StdEPReq     usbd_ctlreq.o
    0x08006828   0x08006828   0x00000072   Code   RO         5540    i.USBD_StdItfReq    usbd_ctlreq.o
    0x0800689a   0x0800689a   0x00000002   Code   RO         1041    i.USBD_static_free  usbd_conf.o
    0x0800689c   0x0800689c   0x00000008   Code   RO         1042    i.USBD_static_malloc  usbd_conf.o
    0x080068a4   0x080068a4   0x00000080   Code   RO         1500    i.USB_ActivateEndpoint  stm32f4xx_ll_usb.o
    0x08006924   0x08006924   0x0000001c   Code   RO         1502    i.USB_ActivateSetup  stm32f4xx_ll_usb.o
    0x08006940   0x08006940   0x00000084   Code   RO         1504    i.USB_CoreInit      stm32f4xx_ll_usb.o
    0x080069c4   0x080069c4   0x0000003c   Code   RO         1505    i.USB_CoreReset     stm32f4xx_ll_usb.o
    0x08006a00   0x08006a00   0x000000cc   Code   RO         1508    i.USB_DeactivateEndpoint  stm32f4xx_ll_usb.o
    0x08006acc   0x08006acc   0x0000001c   Code   RO         1509    i.USB_DevConnect    stm32f4xx_ll_usb.o
    0x08006ae8   0x08006ae8   0x0000001c   Code   RO         1510    i.USB_DevDisconnect  stm32f4xx_ll_usb.o
    0x08006b04   0x08006b04   0x0000017c   Code   RO         1511    i.USB_DevInit       stm32f4xx_ll_usb.o
    0x08006c80   0x08006c80   0x0000000c   Code   RO         1512    i.USB_DisableGlobalInt  stm32f4xx_ll_usb.o
    0x08006c8c   0x08006c8c   0x00000058   Code   RO         1515    i.USB_EP0_OutStart  stm32f4xx_ll_usb.o
    0x08006ce4   0x08006ce4   0x00000058   Code   RO         1516    i.USB_EPClearStall  stm32f4xx_ll_usb.o
    0x08006d3c   0x08006d3c   0x00000058   Code   RO         1517    i.USB_EPSetStall    stm32f4xx_ll_usb.o
    0x08006d94   0x08006d94   0x00000230   Code   RO         1518    i.USB_EPStartXfer   stm32f4xx_ll_usb.o
    0x08006fc4   0x08006fc4   0x0000009e   Code   RO         1519    i.USB_EPStopXfer    stm32f4xx_ll_usb.o
    0x08007062   0x08007062   0x0000000c   Code   RO         1520    i.USB_EnableGlobalInt  stm32f4xx_ll_usb.o
    0x0800706e   0x0800706e   0x00000038   Code   RO         1521    i.USB_FlushRxFifo   stm32f4xx_ll_usb.o
    0x080070a6   0x080070a6   0x0000003c   Code   RO         1522    i.USB_FlushTxFifo   stm32f4xx_ll_usb.o
    0x080070e2   0x080070e2   0x0000001a   Code   RO         1524    i.USB_GetDevSpeed   stm32f4xx_ll_usb.o
    0x080070fc   0x080070fc   0x00000008   Code   RO         1526    i.USB_GetMode       stm32f4xx_ll_usb.o
    0x08007104   0x08007104   0x0000000e   Code   RO         1534    i.USB_ReadDevAllInEpInterrupt  stm32f4xx_ll_usb.o
    0x08007112   0x08007112   0x0000000e   Code   RO         1535    i.USB_ReadDevAllOutEpInterrupt  stm32f4xx_ll_usb.o
    0x08007120   0x08007120   0x00000024   Code   RO         1536    i.USB_ReadDevInEPInterrupt  stm32f4xx_ll_usb.o
    0x08007144   0x08007144   0x00000010   Code   RO         1537    i.USB_ReadDevOutEPInterrupt  stm32f4xx_ll_usb.o
    0x08007154   0x08007154   0x00000008   Code   RO         1538    i.USB_ReadInterrupts  stm32f4xx_ll_usb.o
    0x0800715c   0x0800715c   0x0000003e   Code   RO         1539    i.USB_ReadPacket    stm32f4xx_ll_usb.o
    0x0800719a   0x0800719a   0x0000005c   Code   RO         1541    i.USB_SetCurrentMode  stm32f4xx_ll_usb.o
    0x080071f6   0x080071f6   0x00000022   Code   RO         1542    i.USB_SetDevAddress  stm32f4xx_ll_usb.o
    0x08007218   0x08007218   0x000000e8   Code   RO         1544    i.USB_SetTurnaroundTime  stm32f4xx_ll_usb.o
    0x08007300   0x08007300   0x00000028   Code   RO         1547    i.USB_WritePacket   stm32f4xx_ll_usb.o
    0x08007328   0x08007328   0x00000002   Code   RO          600    i.UsageFault_Handler  stm32f4xx_it.o
    0x0800732a   0x0800732a   0x00000020   Code   RO         2577    i.__NVIC_SetPriority  stm32f4xx_hal_cortex.o
    0x0800734a   0x0800734a   0x00000002   Code   RO           16    i.assert_failed     main.o
    0x0800734c   0x0800734c   0x00000074   Code   RO           17    i.main              main.o
    0x080073c0   0x080073c0   0x0000000a   Code   RO         5885    x$fpl$fpinit        fz_wm.l(fpinit.o)
    0x080073ca   0x080073ca   0x00000008   Data   RO         2293    .constdata          stm32f4xx_hal_dma.o
    0x080073d2   0x080073d2   0x00000010   Data   RO         5337    .constdata          system_stm32f4xx.o
    0x080073e2   0x080073e2   0x00000008   Data   RO         5338    .constdata          system_stm32f4xx.o
    0x080073ea   0x080073ea   0x00000002   PAD
    0x080073ec   0x080073ec   0x00000020   Data   RO         5943    Region$$Table       anon$$obj.o


    Execution Region RW_IRAM1 (Exec base: 0x20000000, Load base: 0x0800740c, Size: 0x00006330, Max: 0x0001c000, ABSOLUTE)

    Exec Addr    Load Addr    Size         Type   Attr      Idx    E Section Name        Object

    0x20000000   0x0800740c   0x00000004   Data   RW          260    .data               can.o
    0x20000004   0x08007410   0x0000001c   Data   RW          878    .data               usbd_desc.o
    0x20000020   0x0800742c   0x00000032   Data   RW          879    .data               usbd_desc.o
    0x20000052   0x0800745e   0x00000002   PAD
    0x20000054   0x08007460   0x00000014   Data   RW          962    .data               usbd_cdc_if.o
    0x20000068   0x08007474   0x0000000c   Data   RW         2726    .data               stm32f4xx_hal.o
    0x20000074   0x08007480   0x00000004   Data   RW         5339    .data               system_stm32f4xx.o
    0x20000078   0x08007484   0x00000001   Data   RW         5541    .data               usbd_ctlreq.o
    0x20000079   0x08007485   0x00000003   PAD
    0x2000007c   0x08007488   0x00000053   Data   RW         5680    .data               usbd_cdc.o
    0x200000cf   0x080074db   0x00000001   PAD
    0x200000d0   0x080074dc   0x00000038   Data   RW         5681    .data               usbd_cdc.o
    0x20000108        -       0x00000050   Zero   RW          259    .bss                can.o
    0x20000158        -       0x00000054   Zero   RW          331    .bss                i2c.o
    0x200001ac        -       0x0000000c   Zero   RW          371    .bss                iwdg.o
    0x200001b8        -       0x00000118   Zero   RW          403    .bss                spi.o
    0x200002d0        -       0x00000120   Zero   RW          451    .bss                tim.o
    0x200003f0        -       0x000002b8   Zero   RW          525    .bss                usart.o
    0x200006a8        -       0x00000048   Zero   RW          785    .bss                stm32f4xx_hal_timebase_tim.o
    0x200006f0        -       0x000002dc   Zero   RW          822    .bss                usb_device.o
    0x200009cc        -       0x00000200   Zero   RW          877    .bss                usbd_desc.o
    0x20000bcc        -       0x00001000   Zero   RW          961    .bss                usbd_cdc_if.o
    0x20001bcc        -       0x00000704   Zero   RW         1043    .bss                usbd_conf.o
    0x200022d0        -       0x00000060   Zero   RW         5815    .bss                c_w.l(libspace.o)
    0x20002330        -       0x00002000   Zero   RW            2    HEAP                startup_stm32f407xx.o
    0x20004330        -       0x00002000   Zero   RW            1    STACK               startup_stm32f407xx.o


    Execution Region RW_IRAM2 (Exec base: 0x2001c000, Load base: 0x08007514, Size: 0x00000000, Max: 0x00004000, ABSOLUTE)

    **** No section assigned to this execution region ****


==============================================================================

Image component sizes


      Code (inc. data)   RO Data    RW Data    ZI Data      Debug   Object Name

       428         46          0          4         80       2454   can.o
       156          4          0          0          0        842   dma.o
       636         40          0          0          0       1339   gpio.o
       172         28          0          0         84       1649   i2c.o
        44         10          0          0         12        707   iwdg.o
       298         20          0          0          0     734892   main.o
       324         34          0          0        280       1875   spi.o
        64         26        392          0      16384        836   startup_stm32f407xx.o
       116         18          0         12          0       8654   stm32f4xx_hal.o
      1262         66          0          0          0      10135   stm32f4xx_hal_can.o
       420        196          0          0          0      33134   stm32f4xx_hal_cortex.o
      1458         80          8          0          0       5671   stm32f4xx_hal_dma.o
       898        178          0          0          0       3480   stm32f4xx_hal_gpio.o
       648         88          0          0          0       3283   stm32f4xx_hal_i2c.o
       224         66          0          0          0       1312   stm32f4xx_hal_iwdg.o
        48          6          0          0          0        842   stm32f4xx_hal_msp.o
      2652         72          0          0          0      13428   stm32f4xx_hal_pcd.o
        78          0          0          0          0       2361   stm32f4xx_hal_pcd_ex.o
      2020        204          0          0          0       6501   stm32f4xx_hal_rcc.o
       588         70          0          0          0       1271   stm32f4xx_hal_spi.o
      4266        838          0          0          0      15798   stm32f4xx_hal_tim.o
       668        162          0          0          0       3413   stm32f4xx_hal_tim_ex.o
       140         20          0          0         72       1403   stm32f4xx_hal_timebase_tim.o
      1668        162          0          0          0       8364   stm32f4xx_hal_uart.o
       234         96          0          0          0      12489   stm32f4xx_it.o
      2692        116          0          0          0      22968   stm32f4xx_ll_usb.o
        16          4         24          4          0       1103   system_stm32f4xx.o
       900         96          0          0        288       5147   tim.o
       828         80          0          0        696       3607   usart.o
        84         18          0          0        732       2595   usb_device.o
      1198         32          0        139          0      13443   usbd_cdc.o
        72         16          0         20       4096       3162   usbd_cdc_if.o
       642         24          0          0       1796      16564   usbd_conf.o
       924          0          0          0          0      15267   usbd_core.o
      1328         28          0          1          0      14796   usbd_ctlreq.o
       288        104          0         78        512       6089   usbd_desc.o
       132          0          0          0          0       4464   usbd_ioreq.o

    ----------------------------------------------------------------------
     28642       3048        458        264      25032     985338   Object Totals
         0          0         32          0          0          0   (incl. Generated)
        28          0          2          6          0          0   (incl. Padding)

    ----------------------------------------------------------------------

      Code (inc. data)   RO Data    RW Data    ZI Data      Debug   Library Member Name

         8          0          0          0          0         68   __main.o
         0          0          0          0          0          0   __rtentry.o
        12          0          0          0          0          0   __rtentry2.o
         6          0          0          0          0          0   __rtentry4.o
        52          8          0          0          0          0   __scatter.o
        26          0          0          0          0          0   __scatter_copy.o
        28          0          0          0          0          0   __scatter_zi.o
        18          0          0          0          0         80   exit.o
         6          0          0          0          0        152   heapauxi.o
         0          0          0          0          0          0   indicate_semi.o
         2          0          0          0          0          0   libinit.o
         6          0          0          0          0          0   libinit2.o
         2          0          0          0          0          0   libshutdown.o
         2          0          0          0          0          0   libshutdown2.o
         8          4          0          0         96         68   libspace.o
       238          0          0          0          0        100   lludivv7m.o
        78          0          0          0          0         80   rt_memclr_w.o
         2          0          0          0          0          0   rtexit.o
        10          0          0          0          0          0   rtexit2.o
        12          4          0          0          0         68   sys_exit.o
        74          0          0          0          0         80   sys_stackheap_outer.o
         2          0          0          0          0         68   use_no_semi.o
        10          0          0          0          0        116   fpinit.o

    ----------------------------------------------------------------------
       608         16          0          0         96        880   Library Totals
         6          0          0          0          0          0   (incl. Padding)

    ----------------------------------------------------------------------

      Code (inc. data)   RO Data    RW Data    ZI Data      Debug   Library Name

       592         16          0          0         96        764   c_w.l
        10          0          0          0          0        116   fz_wm.l

    ----------------------------------------------------------------------
       608         16          0          0         96        880   Library Totals

    ----------------------------------------------------------------------

==============================================================================


      Code (inc. data)   RO Data    RW Data    ZI Data      Debug   

     29250       3064        458        264      25128     959958   Grand Totals
     29250       3064        458        264      25128     959958   ELF Image Totals
     29250       3064        458        264          0          0   ROM Totals

==============================================================================

    Total RO  Size (Code + RO Data)                29708 (  29.01kB)
    Total RW  Size (RW Data + ZI Data)             25392 (  24.80kB)
    Total ROM Size (Code + RO Data + RW Data)      29972 (  29.27kB)

==============================================================================

