Archive member included to satisfy reference by file (symbol)

C:/ST/STM32CubeIDE_1.13.1/STM32CubeIDE/plugins/com.st.stm32cube.ide.mcu.externaltools.gnu-tools-for-stm32.11.3.rel1.win32_1.1.0.202305231506/tools/bin/../lib/gcc/arm-none-eabi/11.3.1/../../../../arm-none-eabi/lib/thumb/v7-m/nofp\libc_nano.a(libc_a-exit.o)
                              C:/ST/STM32CubeIDE_1.13.1/STM32CubeIDE/plugins/com.st.stm32cube.ide.mcu.externaltools.gnu-tools-for-stm32.11.3.rel1.win32_1.1.0.202305231506/tools/bin/../lib/gcc/arm-none-eabi/11.3.1/../../../../arm-none-eabi/lib/thumb/v7-m/nofp/crt0.o (exit)
C:/ST/STM32CubeIDE_1.13.1/STM32CubeIDE/plugins/com.st.stm32cube.ide.mcu.externaltools.gnu-tools-for-stm32.11.3.rel1.win32_1.1.0.202305231506/tools/bin/../lib/gcc/arm-none-eabi/11.3.1/../../../../arm-none-eabi/lib/thumb/v7-m/nofp\libc_nano.a(libc_a-findfp.o)
                              C:/ST/STM32CubeIDE_1.13.1/STM32CubeIDE/plugins/com.st.stm32cube.ide.mcu.externaltools.gnu-tools-for-stm32.11.3.rel1.win32_1.1.0.202305231506/tools/bin/../lib/gcc/arm-none-eabi/11.3.1/../../../../arm-none-eabi/lib/thumb/v7-m/nofp\libc_nano.a(libc_a-exit.o) (__stdio_exit_handler)
C:/ST/STM32CubeIDE_1.13.1/STM32CubeIDE/plugins/com.st.stm32cube.ide.mcu.externaltools.gnu-tools-for-stm32.11.3.rel1.win32_1.1.0.202305231506/tools/bin/../lib/gcc/arm-none-eabi/11.3.1/../../../../arm-none-eabi/lib/thumb/v7-m/nofp\libc_nano.a(libc_a-fwalk.o)
                              C:/ST/STM32CubeIDE_1.13.1/STM32CubeIDE/plugins/com.st.stm32cube.ide.mcu.externaltools.gnu-tools-for-stm32.11.3.rel1.win32_1.1.0.202305231506/tools/bin/../lib/gcc/arm-none-eabi/11.3.1/../../../../arm-none-eabi/lib/thumb/v7-m/nofp\libc_nano.a(libc_a-findfp.o) (_fwalk_sglue)
C:/ST/STM32CubeIDE_1.13.1/STM32CubeIDE/plugins/com.st.stm32cube.ide.mcu.externaltools.gnu-tools-for-stm32.11.3.rel1.win32_1.1.0.202305231506/tools/bin/../lib/gcc/arm-none-eabi/11.3.1/../../../../arm-none-eabi/lib/thumb/v7-m/nofp\libc_nano.a(libc_a-stdio.o)
                              C:/ST/STM32CubeIDE_1.13.1/STM32CubeIDE/plugins/com.st.stm32cube.ide.mcu.externaltools.gnu-tools-for-stm32.11.3.rel1.win32_1.1.0.202305231506/tools/bin/../lib/gcc/arm-none-eabi/11.3.1/../../../../arm-none-eabi/lib/thumb/v7-m/nofp\libc_nano.a(libc_a-findfp.o) (__sread)
C:/ST/STM32CubeIDE_1.13.1/STM32CubeIDE/plugins/com.st.stm32cube.ide.mcu.externaltools.gnu-tools-for-stm32.11.3.rel1.win32_1.1.0.202305231506/tools/bin/../lib/gcc/arm-none-eabi/11.3.1/../../../../arm-none-eabi/lib/thumb/v7-m/nofp\libc_nano.a(libc_a-memset.o)
                              C:/ST/STM32CubeIDE_1.13.1/STM32CubeIDE/plugins/com.st.stm32cube.ide.mcu.externaltools.gnu-tools-for-stm32.11.3.rel1.win32_1.1.0.202305231506/tools/bin/../lib/gcc/arm-none-eabi/11.3.1/../../../../arm-none-eabi/lib/thumb/v7-m/nofp/crt0.o (memset)
C:/ST/STM32CubeIDE_1.13.1/STM32CubeIDE/plugins/com.st.stm32cube.ide.mcu.externaltools.gnu-tools-for-stm32.11.3.rel1.win32_1.1.0.202305231506/tools/bin/../lib/gcc/arm-none-eabi/11.3.1/../../../../arm-none-eabi/lib/thumb/v7-m/nofp\libc_nano.a(libc_a-closer.o)
                              C:/ST/STM32CubeIDE_1.13.1/STM32CubeIDE/plugins/com.st.stm32cube.ide.mcu.externaltools.gnu-tools-for-stm32.11.3.rel1.win32_1.1.0.202305231506/tools/bin/../lib/gcc/arm-none-eabi/11.3.1/../../../../arm-none-eabi/lib/thumb/v7-m/nofp\libc_nano.a(libc_a-stdio.o) (_close_r)
C:/ST/STM32CubeIDE_1.13.1/STM32CubeIDE/plugins/com.st.stm32cube.ide.mcu.externaltools.gnu-tools-for-stm32.11.3.rel1.win32_1.1.0.202305231506/tools/bin/../lib/gcc/arm-none-eabi/11.3.1/../../../../arm-none-eabi/lib/thumb/v7-m/nofp\libc_nano.a(libc_a-reent.o)
                              C:/ST/STM32CubeIDE_1.13.1/STM32CubeIDE/plugins/com.st.stm32cube.ide.mcu.externaltools.gnu-tools-for-stm32.11.3.rel1.win32_1.1.0.202305231506/tools/bin/../lib/gcc/arm-none-eabi/11.3.1/../../../../arm-none-eabi/lib/thumb/v7-m/nofp\libc_nano.a(libc_a-closer.o) (errno)
C:/ST/STM32CubeIDE_1.13.1/STM32CubeIDE/plugins/com.st.stm32cube.ide.mcu.externaltools.gnu-tools-for-stm32.11.3.rel1.win32_1.1.0.202305231506/tools/bin/../lib/gcc/arm-none-eabi/11.3.1/../../../../arm-none-eabi/lib/thumb/v7-m/nofp\libc_nano.a(libc_a-impure.o)
                              C:/ST/STM32CubeIDE_1.13.1/STM32CubeIDE/plugins/com.st.stm32cube.ide.mcu.externaltools.gnu-tools-for-stm32.11.3.rel1.win32_1.1.0.202305231506/tools/bin/../lib/gcc/arm-none-eabi/11.3.1/../../../../arm-none-eabi/lib/thumb/v7-m/nofp\libc_nano.a(libc_a-reent.o) (_impure_ptr)
C:/ST/STM32CubeIDE_1.13.1/STM32CubeIDE/plugins/com.st.stm32cube.ide.mcu.externaltools.gnu-tools-for-stm32.11.3.rel1.win32_1.1.0.202305231506/tools/bin/../lib/gcc/arm-none-eabi/11.3.1/../../../../arm-none-eabi/lib/thumb/v7-m/nofp\libc_nano.a(libc_a-lseekr.o)
[...]
Memory Configuration

Name             Origin             Length             Attributes
RAM              0x0000000020000000 0x0000000000005000 xrw
FLASH            0x0000000008000000 0x0000000000010000 xr
*default*        0x0000000000000000 0xffffffffffffffff

Linker script and memory map

LOAD C:/ST/STM32CubeIDE_1.13.1/STM32CubeIDE/plugins/com.st.stm32cube.ide.mcu.externaltools.gnu-tools-for-stm32.11.3.rel1.win32_1.1.0.202305231506/tools/bin/../lib/gcc/arm-none-eabi/11.3.1/thumb/v7-m/nofp/crti.o
LOAD C:/ST/STM32CubeIDE_1.13.1/STM32CubeIDE/plugins/com.st.stm32cube.ide.mcu.externaltools.gnu-tools-for-stm32.11.3.rel1.win32_1.1.0.202305231506/tools/bin/../lib/gcc/arm-none-eabi/11.3.1/thumb/v7-m/nofp/crtbegin.o
LOAD C:/ST/STM32CubeIDE_1.13.1/STM32CubeIDE/plugins/com.st.stm32cube.ide.mcu.externaltools.gnu-tools-for-stm32.11.3.rel1.win32_1.1.0.202305231506/tools/bin/../lib/gcc/arm-none-eabi/11.3.1/../../../../arm-none-eabi/lib/thumb/v7-m/nofp/crt0.o
LOAD ./Core/Src/adc.o
LOAD ./Core/Src/can.o
LOAD ./Core/Src/gpio.o
LOAD ./Core/Src/i2c.o
LOAD ./Core/Src/main.o
LOAD ./Core/Src/stm32f1xx_hal_msp.o
LOAD ./Core/Src/stm32f1xx_it.o
LOAD ./Core/Src/syscalls.o
LOAD ./Core/Src/sysmem.o
LOAD ./Core/Src/system_stm32f1xx.o
LOAD ./Core/Src/usart.o
LOAD ./Core/Startup/startup_stm32f103c8tx.o
LOAD ./Drivers/STM32F1xx_HAL_Driver/stm32f1xx_hal.o
LOAD ./Drivers/STM32F1xx_HAL_Driver/stm32f1xx_hal_adc.o
LOAD ./Drivers/STM32F1xx_HAL_Driver/stm32f1xx_hal_adc_ex.o
LOAD ./Drivers/STM32F1xx_HAL_Driver/stm32f1xx_hal_can.o
LOAD ./Drivers/STM32F1xx_HAL_Driver/stm32f1xx_hal_cortex.o
LOAD ./Drivers/STM32F1xx_HAL_Driver/stm32f1xx_hal_dma.o
LOAD ./Drivers/STM32F1xx_HAL_Driver/stm32f1xx_hal_exti.o
LOAD ./Drivers/STM32F1xx_HAL_Driver/stm32f1xx_hal_flash.o
LOAD ./Drivers/STM32F1xx_HAL_Driver/stm32f1xx_hal_flash_ex.o
LOAD ./Drivers/STM32F1xx_HAL_Driver/stm32f1xx_hal_gpio.o
LOAD ./Drivers/STM32F1xx_HAL_Driver/stm32f1xx_hal_gpio_ex.o
LOAD ./Drivers/STM32F1xx_HAL_Driver/stm32f1xx_hal_i2c.o
LOAD ./Drivers/STM32F1xx_HAL_Driver/stm32f1xx_hal_pwr.o
LOAD ./Drivers/STM32F1xx_HAL_Driver/stm32f1xx_hal_rcc.o
LOAD ./Drivers/STM32F1xx_HAL_Driver/stm32f1xx_hal_rcc_ex.o
LOAD ./Drivers/STM32F1xx_HAL_Driver/stm32f1xx_hal_tim.o
LOAD ./Drivers/STM32F1xx_HAL_Driver/stm32f1xx_hal_tim_ex.o
LOAD ./Drivers/STM32F1xx_HAL_Driver/stm32f1xx_hal_uart.o
START GROUP
LOAD C:/ST/STM32CubeIDE_1.13.1/STM32CubeIDE/plugins/com.st.stm32cube.ide.mcu.externaltools.gnu-tools-for-stm32.11.3.rel1.win32_1.1.0.202305231506/tools/bin/../lib/gcc/arm-none-eabi/11.3.1/../../../../arm-none-eabi/lib/thumb/v7-m/nofp\libc_nano.a
LOAD C:/ST/STM32CubeIDE_1.13.1/STM32CubeIDE/plugins/com.st.stm32cube.ide.mcu.externaltools.gnu-tools-for-stm32.11.3.rel1.win32_1.1.0.202305231506/tools/bin/../lib/gcc/arm-none-eabi/11.3.1/../../../../arm-none-eabi/lib/thumb/v7-m/nofp\libm.a
END GROUP
START GROUP
LOAD C:/ST/STM32CubeIDE_1.13.1/STM32CubeIDE/plugins/com.st.stm32cube.ide.mcu.externaltools.gnu-tools-for-stm32.11.3.rel1.win32_1.1.0.202305231506/tools/bin/../lib/gcc/arm-none-eabi/11.3.1/thumb/v7-m/nofp\libgcc.a
LOAD C:/ST/STM32CubeIDE_1.13.1/STM32CubeIDE/plugins/com.st.stm32cube.ide.mcu.externaltools.gnu-tools-for-stm32.11.3.rel1.win32_1.1.0.202305231506/tools/bin/../lib/gcc/arm-none-eabi/11.3.1/../../../../arm-none-eabi/lib/thumb/v7-m/nofp\libc_nano.a
END GROUP
START GROUP
LOAD C:/ST/STM32CubeIDE_1.13.1/STM32CubeIDE/plugins/com.st.stm32cube.ide.mcu.externaltools.gnu-tools-for-stm32.11.3.rel1.win32_1.1.0.202305231506/tools/bin/../lib/gcc/arm-none-eabi/11.3.1/thumb/v7-m/nofp\libgcc.a
LOAD C:/ST/STM32CubeIDE_1.13.1/STM32CubeIDE/plugins/com.st.stm32cube.ide.mcu.externaltools.gnu-tools-for-stm32.11.3.rel1.win32_1.1.0.202305231506/tools/bin/../lib/gcc/arm-none-eabi/11.3.1/../../../../arm-none-eabi/lib/thumb/v7-m/nofp\libc_nano.a
LOAD C:/ST/STM32CubeIDE_1.13.1/STM32CubeIDE/plugins/com.st.stm32cube.ide.mcu.externaltools.gnu-tools-for-stm32.11.3.rel1.win32_1.1.0.202305231506/tools/bin/../lib/gcc/arm-none-eabi/11.3.1/../../../../arm-none-eabi/lib/thumb/v7-m/nofp\libnosys.a
END GROUP
START GROUP
LOAD C:/ST/STM32CubeIDE_1.13.1/STM32CubeIDE/plugins/com.st.stm32cube.ide.mcu.externaltools.gnu-tools-for-stm32.11.3.rel1.win32_1.1.0.202305231506/tools/bin/../lib/gcc/arm-none-eabi/11.3.1/thumb/v7-m/nofp\libgcc.a
LOAD C:/ST/STM32CubeIDE_1.13.1/STM32CubeIDE/plugins/com.st.stm32cube.ide.mcu.externaltools.gnu-tools-for-stm32.11.3.rel1.win32_1.1.0.202305231506/tools/bin/../lib/gcc/arm-none-eabi/11.3.1/../../../../arm-none-eabi/lib/thumb/v7-m/nofp\libc_nano.a
LOAD C:/ST/STM32CubeIDE_1.13.1/STM32CubeIDE/plugins/com.st.stm32cube.ide.mcu.externaltools.gnu-tools-for-stm32.11.3.rel1.win32_1.1.0.202305231506/tools/bin/../lib/gcc/arm-none-eabi/11.3.1/../../../../arm-none-eabi/lib/thumb/v7-m/nofp\libnosys.a
END GROUP
LOAD C:/ST/STM32CubeIDE_1.13.1/STM32CubeIDE/plugins/com.st.stm32cube.ide.mcu.externaltools.gnu-tools-for-stm32.11.3.rel1.win32_1.1.0.202305231506/tools/bin/../lib/gcc/arm-none-eabi/11.3.1/thumb/v7-m/nofp/crtend.o
LOAD C:/ST/STM32CubeIDE_1.13.1/STM32CubeIDE/plugins/com.st.stm32cube.ide.mcu.externaltools.gnu-tools-for-stm32.11.3.rel1.win32_1.1.0.202305231506/tools/bin/../lib/gcc/arm-none-eabi/11.3.1/thumb/v7-m/nofp/crtn.o
                0x0000000020005000                _estack = (ORIGIN (RAM) + LENGTH (RAM))
                0x0000000000000200                _Min_Heap_Size = 0x200
                0x0000000000000400                _Min_Stack_Size = 0x400

.isr_vector     0x0000000008000000      0x10c
                0x0000000008000000                . = ALIGN (0x4)
 *(.isr_vector)
 .isr_vector    0x0000000008000000      0x10c ./Core/Startup/startup_stm32f103c8tx.o
                0x0000000008000000                g_pfnVectors
                0x000000000800010c                . = ALIGN (0x4)

.text           0x000000000800010c     0x2f4c
                0x000000000800010c                . = ALIGN (0x4)
 *(.text)
 .text          0x000000000800010c       0x40 C:/ST/STM32CubeIDE_1.13.1/STM32CubeIDE/plugins/com.st.stm32cube.ide.mcu.externaltools.gnu-tools-for-stm32.11.3.rel1.win32_1.1.0.202305231506/tools/bin/../lib/gcc/arm-none-eabi/11.3.1/thumb/v7-m/nofp/crtbegin.o
 *(.text*)
 .text.MX_ADC1_Init
                0x000000000800014c       0x7c ./Core/Src/adc.o
                0x000000000800014c                MX_ADC1_Init
 .text.MX_ADC2_Init
                0x00000000080001c8       0x7c ./Core/Src/adc.o
                0x00000000080001c8                MX_ADC2_Init
 .text.HAL_ADC_MspInit
                0x0000000008000244       0xd0 ./Core/Src/adc.o
                0x0000000008000244                HAL_ADC_MspInit
 .text.MX_CAN_Init
                0x0000000008000314       0x68 ./Core/Src/can.o
                0x0000000008000314                MX_CAN_Init
 .text.HAL_CAN_MspInit
                0x000000000800037c       0x98 ./Core/Src/can.o
                0x000000000800037c                HAL_CAN_MspInit
 .text.MX_GPIO_Init
                0x0000000008000414      0x110 ./Core/Src/gpio.o
                0x0000000008000414                MX_GPIO_Init
 .text.MX_I2C1_Init
                0x0000000008000524       0x5c ./Core/Src/i2c.o
                0x0000000008000524                MX_I2C1_Init
 .text.HAL_I2C_MspInit
                0x0000000008000580       0x7c ./Core/Src/i2c.o
                0x0000000008000580                HAL_I2C_MspInit
 .text.main     0x00000000080005fc       0x26 ./Core/Src/main.o
                0x00000000080005fc                main
 .text.SystemClock_Config
                0x0000000008000622       0xb6 ./Core/Src/main.o
                0x0000000008000622                SystemClock_Config
 .text.Error_Handler
                0x00000000080006d8        0xa ./Core/Src/main.o
                0x00000000080006d8                Error_Handler
 .text.assert_failed
                0x00000000080006e2       0x14 ./Core/Src/main.o
                0x00000000080006e2                assert_failed
 *fill*         0x00000000080006f6        0x2 
 .text.HAL_MspInit
                0x00000000080006f8       0x64 ./Core/Src/stm32f1xx_hal_msp.o
                0x00000000080006f8                HAL_MspInit
 .text.NMI_Handler
                0x000000000800075c        0x6 ./Core/Src/stm32f1xx_it.o
                0x000000000800075c                NMI_Handler
 .text.HardFault_Handler
                0x0000000008000762        0x6 ./Core/Src/stm32f1xx_it.o
                0x0000000008000762                HardFault_Handler
 .text.MemManage_Handler
                0x0000000008000768        0x6 ./Core/Src/stm32f1xx_it.o
                0x0000000008000768                MemManage_Handler
 .text.BusFault_Handler
                0x000000000800076e        0x6 ./Core/Src/stm32f1xx_it.o
                0x000000000800076e                BusFault_Handler
 .text.UsageFault_Handler
                0x0000000008000774        0x6 ./Core/Src/stm32f1xx_it.o
                0x0000000008000774                UsageFault_Handler
 .text.SVC_Handler
                0x000000000800077a        0xc ./Core/Src/stm32f1xx_it.o
                0x000000000800077a                SVC_Handler
 .text.DebugMon_Handler
                0x0000000008000786        0xc ./Core/Src/stm32f1xx_it.o
                0x0000000008000786                DebugMon_Handler
 .text.PendSV_Handler
                0x0000000008000792        0xc ./Core/Src/stm32f1xx_it.o
                0x0000000008000792                PendSV_Handler
 .text.SysTick_Handler
                0x000000000800079e        0xc ./Core/Src/stm32f1xx_it.o
                0x000000000800079e                SysTick_Handler
 .text.SystemInit
                0x00000000080007aa        0xc ./Core/Src/system_stm32f1xx.o
                0x00000000080007aa                SystemInit
 *fill*         0x00000000080007b6        0x2 
 .text.MX_USART1_UART_Init
                0x00000000080007b8       0x54 ./Core/Src/usart.o
                0x00000000080007b8                MX_USART1_UART_Init
 .text.HAL_UART_MspInit
                0x000000000800080c       0x98 ./Core/Src/usart.o
                0x000000000800080c                HAL_UART_MspInit
 .text.Reset_Handler
                0x00000000080008a4       0x48 ./Core/Startup/startup_stm32f103c8tx.o
                0x00000000080008a4                Reset_Handler
 .text.Default_Handler
                0x00000000080008ec        0x2 ./Core/Startup/startup_stm32f103c8tx.o
                0x00000000080008ec                RTC_Alarm_IRQHandler
                0x00000000080008ec                EXTI2_IRQHandler
                0x00000000080008ec                TIM1_CC_IRQHandler
                0x00000000080008ec                PVD_IRQHandler
                0x00000000080008ec                EXTI3_IRQHandler
                0x00000000080008ec                EXTI0_IRQHandler
                0x00000000080008ec                I2C2_EV_IRQHandler
                0x00000000080008ec                ADC1_2_IRQHandler
                0x00000000080008ec                SPI1_IRQHandler
                0x00000000080008ec                TAMPER_IRQHandler
                0x00000000080008ec                DMA1_Channel4_IRQHandler
                0x00000000080008ec                USART3_IRQHandler
                0x00000000080008ec                RTC_IRQHandler
                0x00000000080008ec                DMA1_Channel7_IRQHandler
                0x00000000080008ec                CAN1_RX1_IRQHandler
                0x00000000080008ec                TIM4_IRQHandler
                0x00000000080008ec                I2C1_EV_IRQHandler
                0x00000000080008ec                DMA1_Channel6_IRQHandler
                0x00000000080008ec                TIM3_IRQHandler
                0x00000000080008ec                RCC_IRQHandler
                0x00000000080008ec                TIM1_TRG_COM_IRQHandler
                0x00000000080008ec                DMA1_Channel1_IRQHandler
                0x00000000080008ec                Default_Handler
                0x00000000080008ec                EXTI15_10_IRQHandler
                0x00000000080008ec                EXTI9_5_IRQHandler
                0x00000000080008ec                SPI2_IRQHandler
                0x00000000080008ec                DMA1_Channel5_IRQHandler
                0x00000000080008ec                EXTI4_IRQHandler
                0x00000000080008ec                USB_LP_CAN1_RX0_IRQHandler
                0x00000000080008ec                USB_HP_CAN1_TX_IRQHandler
                0x00000000080008ec                DMA1_Channel3_IRQHandler
                0x00000000080008ec                TIM1_UP_IRQHandler
                0x00000000080008ec                WWDG_IRQHandler
                0x00000000080008ec                TIM2_IRQHandler
                0x00000000080008ec                TIM1_BRK_IRQHandler
                0x00000000080008ec                EXTI1_IRQHandler
                0x00000000080008ec                USART2_IRQHandler
                0x00000000080008ec                I2C2_ER_IRQHandler
                0x00000000080008ec                DMA1_Channel2_IRQHandler
                0x00000000080008ec                CAN1_SCE_IRQHandler
                0x00000000080008ec                FLASH_IRQHandler
                0x00000000080008ec                USART1_IRQHandler
                0x00000000080008ec                I2C1_ER_IRQHandler
                0x00000000080008ec                USBWakeUp_IRQHandler
 *fill*         0x00000000080008ee        0x2 
 .text.HAL_Init
                0x00000000080008f0       0x2c ./Drivers/STM32F1xx_HAL_Driver/stm32f1xx_hal.o
                0x00000000080008f0                HAL_Init
 .text.HAL_InitTick
                0x000000000800091c       0x60 ./Drivers/STM32F1xx_HAL_Driver/stm32f1xx_hal.o
                0x000000000800091c                HAL_InitTick
 .text.HAL_IncTick
                0x000000000800097c       0x24 ./Drivers/STM32F1xx_HAL_Driver/stm32f1xx_hal.o
                0x000000000800097c                HAL_IncTick
 .text.HAL_GetTick
                0x00000000080009a0       0x14 ./Drivers/STM32F1xx_HAL_Driver/stm32f1xx_hal.o
                0x00000000080009a0                HAL_GetTick
 .text.HAL_ADC_Init
                0x00000000080009b4      0x2d4 ./Drivers/STM32F1xx_HAL_Driver/stm32f1xx_hal_adc.o
                0x00000000080009b4                HAL_ADC_Init
 .text.HAL_ADC_ConfigChannel
                0x0000000008000c88      0x388 ./Drivers/STM32F1xx_HAL_Driver/stm32f1xx_hal_adc.o
                0x0000000008000c88                HAL_ADC_ConfigChannel
 .text.ADC_ConversionStop_Disable
                0x0000000008001010       0x82 ./Drivers/STM32F1xx_HAL_Driver/stm32f1xx_hal_adc.o
                0x0000000008001010                ADC_ConversionStop_Disable
 *fill*         0x0000000008001092        0x2 
 .text.HAL_CAN_Init
                0x0000000008001094      0x430 ./Drivers/STM32F1xx_HAL_Driver/stm32f1xx_hal_can.o
                0x0000000008001094                HAL_CAN_Init
 .text.__NVIC_SetPriorityGrouping
                0x00000000080014c4       0x48 ./Drivers/STM32F1xx_HAL_Driver/stm32f1xx_hal_cortex.o
 .text.__NVIC_GetPriorityGrouping
                0x000000000800150c       0x1c ./Drivers/STM32F1xx_HAL_Driver/stm32f1xx_hal_cortex.o
 .text.__NVIC_SetPriority
                0x0000000008001528       0x54 ./Drivers/STM32F1xx_HAL_Driver/stm32f1xx_hal_cortex.o
 .text.NVIC_EncodePriority
                0x000000000800157c       0x64 ./Drivers/STM32F1xx_HAL_Driver/stm32f1xx_hal_cortex.o
 .text.SysTick_Config
                0x00000000080015e0       0x44 ./Drivers/STM32F1xx_HAL_Driver/stm32f1xx_hal_cortex.o
 .text.HAL_NVIC_SetPriorityGrouping
                0x0000000008001624       0x40 ./Drivers/STM32F1xx_HAL_Driver/stm32f1xx_hal_cortex.o
                0x0000000008001624                HAL_NVIC_SetPriorityGrouping
 .text.HAL_NVIC_SetPriority
                0x0000000008001664       0x58 ./Drivers/STM32F1xx_HAL_Driver/stm32f1xx_hal_cortex.o
                0x0000000008001664                HAL_NVIC_SetPriority
 .text.HAL_SYSTICK_Config
                0x00000000080016bc       0x18 ./Drivers/STM32F1xx_HAL_Driver/stm32f1xx_hal_cortex.o
                0x00000000080016bc                HAL_SYSTICK_Config
 .text.HAL_GPIO_Init
                0x00000000080016d4      0x4dc ./Drivers/STM32F1xx_HAL_Driver/stm32f1xx_hal_gpio.o
                0x00000000080016d4                HAL_GPIO_Init
 .text.HAL_GPIO_WritePin
                0x0000000008001bb0       0x64 ./Drivers/STM32F1xx_HAL_Driver/stm32f1xx_hal_gpio.o
                0x0000000008001bb0                HAL_GPIO_WritePin
 .text.HAL_I2C_Init
                0x0000000008001c14      0x388 ./Drivers/STM32F1xx_HAL_Driver/stm32f1xx_hal_i2c.o
                0x0000000008001c14                HAL_I2C_Init
 .text.HAL_RCC_OscConfig
                0x0000000008001f9c      0x6dc ./Drivers/STM32F1xx_HAL_Driver/stm32f1xx_hal_rcc.o
                0x0000000008001f9c                HAL_RCC_OscConfig
 .text.HAL_RCC_ClockConfig
                0x0000000008002678      0x320 ./Drivers/STM32F1xx_HAL_Driver/stm32f1xx_hal_rcc.o
                0x0000000008002678                HAL_RCC_ClockConfig
 .text.HAL_RCC_GetSysClockFreq
                0x0000000008002998       0xa8 ./Drivers/STM32F1xx_HAL_Driver/stm32f1xx_hal_rcc.o
                0x0000000008002998                HAL_RCC_GetSysClockFreq
 .text.HAL_RCC_GetHCLKFreq
                0x0000000008002a40       0x14 ./Drivers/STM32F1xx_HAL_Driver/stm32f1xx_hal_rcc.o
                0x0000000008002a40                HAL_RCC_GetHCLKFreq
 .text.HAL_RCC_GetPCLK1Freq
                0x0000000008002a54       0x28 ./Drivers/STM32F1xx_HAL_Driver/stm32f1xx_hal_rcc.o
                0x0000000008002a54                HAL_RCC_GetPCLK1Freq
 .text.HAL_RCC_GetPCLK2Freq
                0x0000000008002a7c       0x28 ./Drivers/STM32F1xx_HAL_Driver/stm32f1xx_hal_rcc.o
                0x0000000008002a7c                HAL_RCC_GetPCLK2Freq
 .text.RCC_Delay
                0x0000000008002aa4       0x3c ./Drivers/STM32F1xx_HAL_Driver/stm32f1xx_hal_rcc.o
 .text.HAL_RCCEx_PeriphCLKConfig
                0x0000000008002ae0      0x214 ./Drivers/STM32F1xx_HAL_Driver/stm32f1xx_hal_rcc_ex.o
                0x0000000008002ae0                HAL_RCCEx_PeriphCLKConfig
 .text.HAL_UART_Init
                0x0000000008002cf4      0x158 ./Drivers/STM32F1xx_HAL_Driver/stm32f1xx_hal_uart.o
                0x0000000008002cf4                HAL_UART_Init
 .text.UART_SetConfig
                0x0000000008002e4c      0x19c ./Drivers/STM32F1xx_HAL_Driver/stm32f1xx_hal_uart.o
 .text.memset   0x0000000008002fe8       0x10 C:/ST/STM32CubeIDE_1.13.1/STM32CubeIDE/plugins/com.st.stm32cube.ide.mcu.externaltools.gnu-tools-for-stm32.11.3.rel1.win32_1.1.0.202305231506/tools/bin/../lib/gcc/arm-none-eabi/11.3.1/../../../../arm-none-eabi/lib/thumb/v7-m/nofp\libc_nano.a(libc_a-memset.o)
                0x0000000008002fe8                memset
 .text.__libc_init_array
                0x0000000008002ff8       0x48 C:/ST/STM32CubeIDE_1.13.1/STM32CubeIDE/plugins/com.st.stm32cube.ide.mcu.externaltools.gnu-tools-for-stm32.11.3.rel1.win32_1.1.0.202305231506/tools/bin/../lib/gcc/arm-none-eabi/11.3.1/../../../../arm-none-eabi/lib/thumb/v7-m/nofp\libc_nano.a(libc_a-init.o)
                0x0000000008002ff8                __libc_init_array
 *(.glue_7)
 .glue_7        0x0000000008003040        0x0 linker stubs
 *(.glue_7t)
 .glue_7t       0x0000000008003040        0x0 linker stubs
 *(.eh_frame)
 .eh_frame      0x0000000008003040        0x0 C:/ST/STM32CubeIDE_1.13.1/STM32CubeIDE/plugins/com.st.stm32cube.ide.mcu.externaltools.gnu-tools-for-stm32.11.3.rel1.win32_1.1.0.202305231506/tools/bin/../lib/gcc/arm-none-eabi/11.3.1/thumb/v7-m/nofp/crtbegin.o
 *(.init)
 .init          0x0000000008003040        0x4 C:/ST/STM32CubeIDE_1.13.1/STM32CubeIDE/plugins/com.st.stm32cube.ide.mcu.externaltools.gnu-tools-for-stm32.11.3.rel1.win32_1.1.0.202305231506/tools/bin/../lib/gcc/arm-none-eabi/11.3.1/thumb/v7-m/nofp/crti.o
                0x0000000008003040                _init
 .init          0x0000000008003044        0x8 C:/ST/STM32CubeIDE_1.13.1/STM32CubeIDE/plugins/com.st.stm32cube.ide.mcu.externaltools.gnu-tools-for-stm32.11.3.rel1.win32_1.1.0.202305231506/tools/bin/../lib/gcc/arm-none-eabi/11.3.1/thumb/v7-m/nofp/crtn.o
 *(.fini)
 .fini          0x000000000800304c        0x4 C:/ST/STM32CubeIDE_1.13.1/STM32CubeIDE/plugins/com.st.stm32cube.ide.mcu.externaltools.gnu-tools-for-stm32.11.3.rel1.win32_1.1.0.202305231506/tools/bin/../lib/gcc/arm-none-eabi/11.3.1/thumb/v7-m/nofp/crti.o
                0x000000000800304c                _fini
 .fini          0x0000000008003050        0x8 C:/ST/STM32CubeIDE_1.13.1/STM32CubeIDE/plugins/com.st.stm32cube.ide.mcu.externaltools.gnu-tools-for-stm32.11.3.rel1.win32_1.1.0.202305231506/tools/bin/../lib/gcc/arm-none-eabi/11.3.1/thumb/v7-m/nofp/crtn.o
                0x0000000008003058                . = ALIGN (0x4)
                0x0000000008003058                _etext = .

.vfp11_veneer   0x0000000008003058        0x0
 .vfp11_veneer  0x0000000008003058        0x0 linker stubs

.v4_bx          0x0000000008003058        0x0
 .v4_bx         0x0000000008003058        0x0 linker stubs

.iplt           0x0000000008003058        0x0
 .iplt          0x0000000008003058        0x0 C:/ST/STM32CubeIDE_1.13.1/STM32CubeIDE/plugins/com.st.stm32cube.ide.mcu.externaltools.gnu-tools-for-stm32.11.3.rel1.win32_1.1.0.202305231506/tools/bin/../lib/gcc/arm-none-eabi/11.3.1/thumb/v7-m/nofp/crtbegin.o

.rodata         0x0000000008003058      0x3bc
                0x0000000008003058                . = ALIGN (0x4)
 *(.rodata)
 .rodata        0x0000000008003058       0x70 ./Drivers/STM32F1xx_HAL_Driver/stm32f1xx_hal_adc.o
 .rodata        0x00000000080030c8       0x70 ./Drivers/STM32F1xx_HAL_Driver/stm32f1xx_hal_can.o
 .rodata        0x0000000008003138       0x73 ./Drivers/STM32F1xx_HAL_Driver/stm32f1xx_hal_cortex.o
 *fill*         0x00000000080031ab        0x1 
 .rodata        0x00000000080031ac       0x71 ./Drivers/STM32F1xx_HAL_Driver/stm32f1xx_hal_gpio.o
 *fill*         0x000000000800321d        0x3 
 .rodata        0x0000000008003220       0x70 ./Drivers/STM32F1xx_HAL_Driver/stm32f1xx_hal_i2c.o
 .rodata        0x0000000008003290       0x70 ./Drivers/STM32F1xx_HAL_Driver/stm32f1xx_hal_rcc.o
 .rodata        0x0000000008003300       0x73 ./Drivers/STM32F1xx_HAL_Driver/stm32f1xx_hal_rcc_ex.o
 *fill*         0x0000000008003373        0x1 
 .rodata        0x0000000008003374       0x71 ./Drivers/STM32F1xx_HAL_Driver/stm32f1xx_hal_uart.o
 *(.rodata*)
 *fill*         0x00000000080033e5        0x3 
 .rodata.AHBPrescTable
                0x00000000080033e8       0x10 ./Core/Src/system_stm32f1xx.o
                0x00000000080033e8                AHBPrescTable
 .rodata.APBPrescTable
                0x00000000080033f8        0x8 ./Core/Src/system_stm32f1xx.o
                0x00000000080033f8                APBPrescTable
 .rodata.aPLLMULFactorTable.1
                0x0000000008003400       0x10 ./Drivers/STM32F1xx_HAL_Driver/stm32f1xx_hal_rcc.o
 .rodata.aPredivFactorTable.0
                0x0000000008003410        0x2 ./Drivers/STM32F1xx_HAL_Driver/stm32f1xx_hal_rcc.o
                0x0000000008003414                . = ALIGN (0x4)
 *fill*         0x0000000008003412        0x2 

.rel.dyn        0x0000000008003414        0x0
 .rel.iplt      0x0000000008003414        0x0 C:/ST/STM32CubeIDE_1.13.1/STM32CubeIDE/plugins/com.st.stm32cube.ide.mcu.externaltools.gnu-tools-for-stm32.11.3.rel1.win32_1.1.0.202305231506/tools/bin/../lib/gcc/arm-none-eabi/11.3.1/thumb/v7-m/nofp/crtbegin.o

.ARM.extab      0x0000000008003414        0x0
                0x0000000008003414                . = ALIGN (0x4)
 *(.ARM.extab* .gnu.linkonce.armextab.*)
                0x0000000008003414                . = ALIGN (0x4)

.ARM            0x0000000008003414        0x0
                0x0000000008003414                . = ALIGN (0x4)
                0x0000000008003414                __exidx_start = .
 *(.ARM.exidx*)
                0x0000000008003414                __exidx_end = .
                0x0000000008003414                . = ALIGN (0x4)

.preinit_array  0x0000000008003414        0x0
                0x0000000008003414                . = ALIGN (0x4)
                0x0000000008003414                PROVIDE (__preinit_array_start = .)
 *(.preinit_array*)
                0x0000000008003414                PROVIDE (__preinit_array_end = .)
                0x0000000008003414                . = ALIGN (0x4)

.init_array     0x0000000008003414        0x4
                0x0000000008003414                . = ALIGN (0x4)
                0x0000000008003414                PROVIDE (__init_array_start = .)
 *(SORT_BY_NAME(.init_array.*))
 *(.init_array*)
 .init_array    0x0000000008003414        0x4 C:/ST/STM32CubeIDE_1.13.1/STM32CubeIDE/plugins/com.st.stm32cube.ide.mcu.externaltools.gnu-tools-for-stm32.11.3.rel1.win32_1.1.0.202305231506/tools/bin/../lib/gcc/arm-none-eabi/11.3.1/thumb/v7-m/nofp/crtbegin.o
                0x0000000008003418                PROVIDE (__init_array_end = .)
                0x0000000008003418                . = ALIGN (0x4)

.fini_array     0x0000000008003418        0x4
                0x0000000008003418                . = ALIGN (0x4)
                [!provide]                        PROVIDE (__fini_array_start = .)
 *(SORT_BY_NAME(.fini_array.*))
 *(.fini_array*)
 .fini_array    0x0000000008003418        0x4 C:/ST/STM32CubeIDE_1.13.1/STM32CubeIDE/plugins/com.st.stm32cube.ide.mcu.externaltools.gnu-tools-for-stm32.11.3.rel1.win32_1.1.0.202305231506/tools/bin/../lib/gcc/arm-none-eabi/11.3.1/thumb/v7-m/nofp/crtbegin.o
                [!provide]                        PROVIDE (__fini_array_end = .)
                0x000000000800341c                . = ALIGN (0x4)
                0x000000000800341c                _sidata = LOADADDR (.data)

.data           0x0000000020000000        0xc load address 0x000000000800341c
                0x0000000020000000                . = ALIGN (0x4)
                0x0000000020000000                _sdata = .
 *(.data)
 *(.data*)
 .data.SystemCoreClock
                0x0000000020000000        0x4 ./Core/Src/system_stm32f1xx.o
                0x0000000020000000                SystemCoreClock
 .data.uwTickPrio
                0x0000000020000004        0x4 ./Drivers/STM32F1xx_HAL_Driver/stm32f1xx_hal.o
                0x0000000020000004                uwTickPrio
 .data.uwTickFreq
                0x0000000020000008        0x1 ./Drivers/STM32F1xx_HAL_Driver/stm32f1xx_hal.o
                0x0000000020000008                uwTickFreq
 *(.RamFunc)
 *(.RamFunc*)
                0x000000002000000c                . = ALIGN (0x4)
 *fill*         0x0000000020000009        0x3 
                0x000000002000000c                _edata = .

.igot.plt       0x000000002000000c        0x0 load address 0x0000000008003428
 .igot.plt      0x000000002000000c        0x0 C:/ST/STM32CubeIDE_1.13.1/STM32CubeIDE/plugins/com.st.stm32cube.ide.mcu.externaltools.gnu-tools-for-stm32.11.3.rel1.win32_1.1.0.202305231506/tools/bin/../lib/gcc/arm-none-eabi/11.3.1/thumb/v7-m/nofp/crtbegin.o
                0x000000002000000c                . = ALIGN (0x4)

.bss            0x000000002000000c      0x144 load address 0x0000000008003428
                0x000000002000000c                _sbss = .
                0x000000002000000c                __bss_start__ = _sbss
 *(.bss)
 .bss           0x000000002000000c       0x1c C:/ST/STM32CubeIDE_1.13.1/STM32CubeIDE/plugins/com.st.stm32cube.ide.mcu.externaltools.gnu-tools-for-stm32.11.3.rel1.win32_1.1.0.202305231506/tools/bin/../lib/gcc/arm-none-eabi/11.3.1/thumb/v7-m/nofp/crtbegin.o
 *(.bss*)
 .bss.hadc1     0x0000000020000028       0x30 ./Core/Src/adc.o
                0x0000000020000028                hadc1
 .bss.hadc2     0x0000000020000058       0x30 ./Core/Src/adc.o
                0x0000000020000058                hadc2
 .bss.hcan      0x0000000020000088       0x28 ./Core/Src/can.o
                0x0000000020000088                hcan
 .bss.hi2c1     0x00000000200000b0       0x54 ./Core/Src/i2c.o
                0x00000000200000b0                hi2c1
 .bss.huart1    0x0000000020000104       0x48 ./Core/Src/usart.o
                0x0000000020000104                huart1
 .bss.uwTick    0x000000002000014c        0x4 ./Drivers/STM32F1xx_HAL_Driver/stm32f1xx_hal.o
                0x000000002000014c                uwTick
 *(COMMON)
                0x0000000020000150                . = ALIGN (0x4)
                0x0000000020000150                _ebss = .
                0x0000000020000150                __bss_end__ = _ebss

._user_heap_stack
                0x0000000020000150      0x600 load address 0x0000000008003428
                0x0000000020000150                . = ALIGN (0x8)
                [!provide]                        PROVIDE (end = .)
                0x0000000020000150                PROVIDE (_end = .)
                0x0000000020000350                . = (. + _Min_Heap_Size)
 *fill*         0x0000000020000150      0x200 
                0x0000000020000750                . = (. + _Min_Stack_Size)
 *fill*         0x0000000020000350      0x400 
                0x0000000020000750                . = ALIGN (0x8)

/DISCARD/
 libc.a(*)
 libm.a(*)
 libgcc.a(*)

.ARM.attributes
                0x0000000000000000       0x29
 *(.ARM.attributes)
 .ARM.attributes
                0x0000000000000000       0x1d C:/ST/STM32CubeIDE_1.13.1/STM32CubeIDE/plugins/com.st.stm32cube.ide.mcu.externaltools.gnu-tools-for-stm32.11.3.rel1.win32_1.1.0.202305231506/tools/bin/../lib/gcc/arm-none-eabi/11.3.1/thumb/v7-m/nofp/crti.o
 .ARM.attributes
                0x000000000000001d       0x2d C:/ST/STM32CubeIDE_1.13.1/STM32CubeIDE/plugins/com.st.stm32cube.ide.mcu.externaltools.gnu-tools-for-stm32.11.3.rel1.win32_1.1.0.202305231506/tools/bin/../lib/gcc/arm-none-eabi/11.3.1/thumb/v7-m/nofp/crtbegin.o
 .ARM.attributes
                0x000000000000004a       0x2d ./Core/Src/adc.o
 .ARM.attributes
                0x0000000000000077       0x2d ./Core/Src/can.o
 .ARM.attributes
                0x00000000000000a4       0x2d ./Core/Src/gpio.o
 .ARM.attributes
                0x00000000000000d1       0x2d ./Core/Src/i2c.o
 .ARM.attributes
                0x00000000000000fe       0x2d ./Core/Src/main.o
 .ARM.attributes
                0x000000000000012b       0x2d ./Core/Src/stm32f1xx_hal_msp.o
 .ARM.attributes
                0x0000000000000158       0x2d ./Core/Src/stm32f1xx_it.o
 .ARM.attributes
                0x0000000000000185       0x2d ./Core/Src/system_stm32f1xx.o
 .ARM.attributes
                0x00000000000001b2       0x2d ./Core/Src/usart.o
 .ARM.attributes
                0x00000000000001df       0x21 ./Core/Startup/startup_stm32f103c8tx.o
 .ARM.attributes
                0x0000000000000200       0x2d ./Drivers/STM32F1xx_HAL_Driver/stm32f1xx_hal.o
 .ARM.attributes
                0x000000000000022d       0x2d ./Drivers/STM32F1xx_HAL_Driver/stm32f1xx_hal_adc.o
 .ARM.attributes
                0x000000000000025a       0x2d ./Drivers/STM32F1xx_HAL_Driver/stm32f1xx_hal_can.o
 .ARM.attributes
                0x0000000000000287       0x2d ./Drivers/STM32F1xx_HAL_Driver/stm32f1xx_hal_cortex.o
 .ARM.attributes
                0x00000000000002b4       0x2d ./Drivers/STM32F1xx_HAL_Driver/stm32f1xx_hal_gpio.o
 .ARM.attributes
                0x00000000000002e1       0x2d ./Drivers/STM32F1xx_HAL_Driver/stm32f1xx_hal_i2c.o
 .ARM.attributes
                0x000000000000030e       0x2d ./Drivers/STM32F1xx_HAL_Driver/stm32f1xx_hal_rcc.o
 .ARM.attributes
                0x000000000000033b       0x2d ./Drivers/STM32F1xx_HAL_Driver/stm32f1xx_hal_rcc_ex.o
 .ARM.attributes
                0x0000000000000368       0x2d ./Drivers/STM32F1xx_HAL_Driver/stm32f1xx_hal_uart.o
 .ARM.attributes
                0x0000000000000395       0x2d C:/ST/STM32CubeIDE_1.13.1/STM32CubeIDE/plugins/com.st.stm32cube.ide.mcu.externaltools.gnu-tools-for-stm32.11.3.rel1.win32_1.1.0.202305231506/tools/bin/../lib/gcc/arm-none-eabi/11.3.1/../../../../arm-none-eabi/lib/thumb/v7-m/nofp\libc_nano.a(libc_a-memset.o)
 .ARM.attributes
                0x00000000000003c2       0x2d C:/ST/STM32CubeIDE_1.13.1/STM32CubeIDE/plugins/com.st.stm32cube.ide.mcu.externaltools.gnu-tools-for-stm32.11.3.rel1.win32_1.1.0.202305231506/tools/bin/../lib/gcc/arm-none-eabi/11.3.1/../../../../arm-none-eabi/lib/thumb/v7-m/nofp\libc_nano.a(libc_a-init.o)
 .ARM.attributes
                0x00000000000003ef       0x1d C:/ST/STM32CubeIDE_1.13.1/STM32CubeIDE/plugins/com.st.stm32cube.ide.mcu.externaltools.gnu-tools-for-stm32.11.3.rel1.win32_1.1.0.202305231506/tools/bin/../lib/gcc/arm-none-eabi/11.3.1/thumb/v7-m/nofp/crtn.o
OUTPUT(Power_meter.elf elf32-littlearm)
LOAD linker stubs
LOAD C:/ST/STM32CubeIDE_1.13.1/STM32CubeIDE/plugins/com.st.stm32cube.ide.mcu.externaltools.gnu-tools-for-stm32.11.3.rel1.win32_1.1.0.202305231506/tools/bin/../lib/gcc/arm-none-eabi/11.3.1/../../../../arm-none-eabi/lib/thumb/v7-m/nofp\libc.a
LOAD C:/ST/STM32CubeIDE_1.13.1/STM32CubeIDE/plugins/com.st.stm32cube.ide.mcu.externaltools.gnu-tools-for-stm32.11.3.rel1.win32_1.1.0.202305231506/tools/bin/../lib/gcc/arm-none-eabi/11.3.1/../../../../arm-none-eabi/lib/thumb/v7-m/nofp\libm.a
LOAD C:/ST/STM32CubeIDE_1.13.1/STM32CubeIDE/plugins/com.st.stm32cube.ide.mcu.externaltools.gnu-tools-for-stm32.11.3.rel1.win32_1.1.0.202305231506/tools/bin/../lib/gcc/arm-none-eabi/11.3.1/thumb/v7-m/nofp\libgcc.a

.comment        0x0000000000000000       0x43
 .comment       0x0000000000000000       0x43 C:/ST/STM32CubeIDE_1.13.1/STM32CubeIDE/plugins/com.st.stm32cube.ide.mcu.externaltools.gnu-tools-for-stm32.11.3.rel1.win32_1.1.0.202305231506/tools/bin/../lib/gcc/arm-none-eabi/11.3.1/thumb/v7-m/nofp/crtbegin.o
                                         0x44 (size before relaxing)
 .comment       0x0000000000000043       0x44 ./Core/Src/adc.o
 .comment       0x0000000000000043       0x44 ./Core/Src/can.o
 .comment       0x0000000000000043       0x44 ./Core/Src/gpio.o
 .comment       0x0000000000000043       0x44 ./Core/Src/i2c.o
 .comment       0x0000000000000043       0x44 ./Core/Src/main.o
 .comment       0x0000000000000043       0x44 ./Core/Src/stm32f1xx_hal_msp.o
 .comment       0x0000000000000043       0x44 ./Core/Src/stm32f1xx_it.o
 .comment       0x0000000000000043       0x44 ./Core/Src/system_stm32f1xx.o
 .comment       0x0000000000000043       0x44 ./Core/Src/usart.o
 .comment       0x0000000000000043       0x44 ./Drivers/STM32F1xx_HAL_Driver/stm32f1xx_hal.o
 .comment       0x0000000000000043       0x44 ./Drivers/STM32F1xx_HAL_Driver/stm32f1xx_hal_adc.o
 .comment       0x0000000000000043       0x44 ./Drivers/STM32F1xx_HAL_Driver/stm32f1xx_hal_can.o
 .comment       0x0000000000000043       0x44 ./Drivers/STM32F1xx_HAL_Driver/stm32f1xx_hal_cortex.o
 .comment       0x0000000000000043       0x44 ./Drivers/STM32F1xx_HAL_Driver/stm32f1xx_hal_gpio.o
 .comment       0x0000000000000043       0x44 ./Drivers/STM32F1xx_HAL_Driver/stm32f1xx_hal_i2c.o
 .comment       0x0000000000000043       0x44 ./Drivers/STM32F1xx_HAL_Driver/stm32f1xx_hal_rcc.o
 .comment       0x0000000000000043       0x44 ./Drivers/STM32F1xx_HAL_Driver/stm32f1xx_hal_rcc_ex.o
 .comment       0x0000000000000043       0x44 ./Drivers/STM32F1xx_HAL_Driver/stm32f1xx_hal_uart.o

.debug_info     0x0000000000000000     0xbe22
 .debug_info    0x0000000000000000      0x825 ./Core/Src/adc.o
 .debug_info    0x0000000000000825      0x6db ./Core/Src/can.o
 .debug_info    0x0000000000000f00      0x2d3 ./Core/Src/gpio.o
 .debug_info    0x00000000000011d3      0x7e3 ./Core/Src/i2c.o
 .debug_info    0x00000000000019b6      0x36a ./Core/Src/main.o
 .debug_info    0x0000000000001d20      0x1f1 ./Core/Src/stm32f1xx_hal_msp.o
 .debug_info    0x0000000000001f11      0x113 ./Core/Src/stm32f1xx_it.o
 .debug_info    0x0000000000002024      0x222 ./Core/Src/system_stm32f1xx.o
 .debug_info    0x0000000000002246      0x798 ./Core/Src/usart.o
 .debug_info    0x00000000000029de       0x23 ./Core/Startup/startup_stm32f103c8tx.o
 .debug_info    0x0000000000002a01      0x73b ./Drivers/STM32F1xx_HAL_Driver/stm32f1xx_hal.o
 .debug_info    0x000000000000313c      0xc76 ./Drivers/STM32F1xx_HAL_Driver/stm32f1xx_hal_adc.o
 .debug_info    0x0000000000003db2      0xf43 ./Drivers/STM32F1xx_HAL_Driver/stm32f1xx_hal_can.o
 .debug_info    0x0000000000004cf5      0xaa1 ./Drivers/STM32F1xx_HAL_Driver/stm32f1xx_hal_cortex.o
 .debug_info    0x0000000000005796      0x5dc ./Drivers/STM32F1xx_HAL_Driver/stm32f1xx_hal_gpio.o
 .debug_info    0x0000000000005d72     0x2527 ./Drivers/STM32F1xx_HAL_Driver/stm32f1xx_hal_i2c.o
 .debug_info    0x0000000000008299      0x7f0 ./Drivers/STM32F1xx_HAL_Driver/stm32f1xx_hal_rcc.o
 .debug_info    0x0000000000008a89      0x3dc ./Drivers/STM32F1xx_HAL_Driver/stm32f1xx_hal_rcc_ex.o
 .debug_info    0x0000000000008e65     0x2fbd ./Drivers/STM32F1xx_HAL_Driver/stm32f1xx_hal_uart.o

.debug_abbrev   0x0000000000000000     0x22c1
 .debug_abbrev  0x0000000000000000      0x1e5 ./Core/Src/adc.o
 .debug_abbrev  0x00000000000001e5      0x224 ./Core/Src/can.o
 .debug_abbrev  0x0000000000000409      0x13f ./Core/Src/gpio.o
 .debug_abbrev  0x0000000000000548      0x1de ./Core/Src/i2c.o
 .debug_abbrev  0x0000000000000726      0x1a8 ./Core/Src/main.o
 .debug_abbrev  0x00000000000008ce       0xdb ./Core/Src/stm32f1xx_hal_msp.o
 .debug_abbrev  0x00000000000009a9       0x73 ./Core/Src/stm32f1xx_it.o
 .debug_abbrev  0x0000000000000a1c      0x13f ./Core/Src/system_stm32f1xx.o
 .debug_abbrev  0x0000000000000b5b      0x1e6 ./Core/Src/usart.o
 .debug_abbrev  0x0000000000000d41       0x12 ./Core/Startup/startup_stm32f103c8tx.o
 .debug_abbrev  0x0000000000000d53      0x209 ./Drivers/STM32F1xx_HAL_Driver/stm32f1xx_hal.o
 .debug_abbrev  0x0000000000000f5c      0x225 ./Drivers/STM32F1xx_HAL_Driver/stm32f1xx_hal_adc.o
 .debug_abbrev  0x0000000000001181      0x248 ./Drivers/STM32F1xx_HAL_Driver/stm32f1xx_hal_can.o
 .debug_abbrev  0x00000000000013c9      0x2fa ./Drivers/STM32F1xx_HAL_Driver/stm32f1xx_hal_cortex.o
 .debug_abbrev  0x00000000000016c3      0x1e7 ./Drivers/STM32F1xx_HAL_Driver/stm32f1xx_hal_gpio.o
 .debug_abbrev  0x00000000000018aa      0x2b8 ./Drivers/STM32F1xx_HAL_Driver/stm32f1xx_hal_i2c.o
 .debug_abbrev  0x0000000000001b62      0x2ad ./Drivers/STM32F1xx_HAL_Driver/stm32f1xx_hal_rcc.o
 .debug_abbrev  0x0000000000001e0f      0x1a5 ./Drivers/STM32F1xx_HAL_Driver/stm32f1xx_hal_rcc_ex.o
 .debug_abbrev  0x0000000000001fb4      0x30d ./Drivers/STM32F1xx_HAL_Driver/stm32f1xx_hal_uart.o

.debug_aranges  0x0000000000000000      0xbc0
 .debug_aranges
                0x0000000000000000       0x38 ./Core/Src/adc.o
 .debug_aranges
                0x0000000000000038       0x30 ./Core/Src/can.o
 .debug_aranges
                0x0000000000000068       0x20 ./Core/Src/gpio.o
 .debug_aranges
                0x0000000000000088       0x30 ./Core/Src/i2c.o
 .debug_aranges
                0x00000000000000b8       0x38 ./Core/Src/main.o
 .debug_aranges
                0x00000000000000f0       0x20 ./Core/Src/stm32f1xx_hal_msp.o
 .debug_aranges
                0x0000000000000110       0x60 ./Core/Src/stm32f1xx_it.o
 .debug_aranges
                0x0000000000000170       0x28 ./Core/Src/system_stm32f1xx.o
 .debug_aranges
                0x0000000000000198       0x30 ./Core/Src/usart.o
 .debug_aranges
                0x00000000000001c8       0x28 ./Core/Startup/startup_stm32f103c8tx.o
 .debug_aranges
                0x00000000000001f0       0xe0 ./Drivers/STM32F1xx_HAL_Driver/stm32f1xx_hal.o
 .debug_aranges
                0x00000000000002d0       0xf0 ./Drivers/STM32F1xx_HAL_Driver/stm32f1xx_hal_adc.o
 .debug_aranges
                0x00000000000003c0      0x138 ./Drivers/STM32F1xx_HAL_Driver/stm32f1xx_hal_can.o
 .debug_aranges
                0x00000000000004f8      0x100 ./Drivers/STM32F1xx_HAL_Driver/stm32f1xx_hal_cortex.o
 .debug_aranges
                0x00000000000005f8       0x58 ./Drivers/STM32F1xx_HAL_Driver/stm32f1xx_hal_gpio.o
 .debug_aranges
                0x0000000000000650      0x2a8 ./Drivers/STM32F1xx_HAL_Driver/stm32f1xx_hal_i2c.o
 .debug_aranges
                0x00000000000008f8       0x90 ./Drivers/STM32F1xx_HAL_Driver/stm32f1xx_hal_rcc.o
 .debug_aranges
                0x0000000000000988       0x30 ./Drivers/STM32F1xx_HAL_Driver/stm32f1xx_hal_rcc_ex.o
 .debug_aranges
                0x00000000000009b8      0x208 ./Drivers/STM32F1xx_HAL_Driver/stm32f1xx_hal_uart.o

.debug_rnglists
                0x0000000000000000      0x91e
 .debug_rnglists
                0x0000000000000000       0x26 ./Core/Src/adc.o
 .debug_rnglists
                0x0000000000000026       0x20 ./Core/Src/can.o
 .debug_rnglists
                0x0000000000000046       0x14 ./Core/Src/gpio.o
 .debug_rnglists
                0x000000000000005a       0x1f ./Core/Src/i2c.o
 .debug_rnglists
                0x0000000000000079       0x26 ./Core/Src/main.o
 .debug_rnglists
                0x000000000000009f       0x13 ./Core/Src/stm32f1xx_hal_msp.o
 .debug_rnglists
                0x00000000000000b2       0x43 ./Core/Src/stm32f1xx_it.o
 .debug_rnglists
                0x00000000000000f5       0x1a ./Core/Src/system_stm32f1xx.o
 .debug_rnglists
                0x000000000000010f       0x20 ./Core/Src/usart.o
 .debug_rnglists
                0x000000000000012f       0x19 ./Core/Startup/startup_stm32f103c8tx.o
 .debug_rnglists
                0x0000000000000148       0xa3 ./Drivers/STM32F1xx_HAL_Driver/stm32f1xx_hal.o
 .debug_rnglists
                0x00000000000001eb       0xbe ./Drivers/STM32F1xx_HAL_Driver/stm32f1xx_hal_adc.o
 .debug_rnglists
                0x00000000000002a9       0xee ./Drivers/STM32F1xx_HAL_Driver/stm32f1xx_hal_can.o
 .debug_rnglists
                0x0000000000000397       0xbb ./Drivers/STM32F1xx_HAL_Driver/stm32f1xx_hal_cortex.o
 .debug_rnglists
                0x0000000000000452       0x40 ./Drivers/STM32F1xx_HAL_Driver/stm32f1xx_hal_gpio.o
 .debug_rnglists
                0x0000000000000492      0x23d ./Drivers/STM32F1xx_HAL_Driver/stm32f1xx_hal_i2c.o
 .debug_rnglists
                0x00000000000006cf       0x6e ./Drivers/STM32F1xx_HAL_Driver/stm32f1xx_hal_rcc.o
 .debug_rnglists
                0x000000000000073d       0x21 ./Drivers/STM32F1xx_HAL_Driver/stm32f1xx_hal_rcc_ex.o
 .debug_rnglists
                0x000000000000075e      0x1c0 ./Drivers/STM32F1xx_HAL_Driver/stm32f1xx_hal_uart.o

.debug_macro    0x0000000000000000    0x17c50
 .debug_macro   0x0000000000000000      0x1cf ./Core/Src/adc.o
 .debug_macro   0x00000000000001cf      0xa9c ./Core/Src/adc.o
 .debug_macro   0x0000000000000c6b      0x22e ./Core/Src/adc.o
 .debug_macro   0x0000000000000e99       0x2e ./Core/Src/adc.o
 .debug_macro   0x0000000000000ec7       0x22 ./Core/Src/adc.o
 .debug_macro   0x0000000000000ee9       0x22 ./Core/Src/adc.o
 .debug_macro   0x0000000000000f0b       0x8e ./Core/Src/adc.o
 .debug_macro   0x0000000000000f99       0x51 ./Core/Src/adc.o
 .debug_macro   0x0000000000000fea      0x103 ./Core/Src/adc.o
 .debug_macro   0x00000000000010ed       0x6a ./Core/Src/adc.o
 .debug_macro   0x0000000000001157      0x1df ./Core/Src/adc.o
 .debug_macro   0x0000000000001336       0x1c ./Core/Src/adc.o
 .debug_macro   0x0000000000001352       0x22 ./Core/Src/adc.o
 .debug_macro   0x0000000000001374       0xbd ./Core/Src/adc.o
 .debug_macro   0x0000000000001431      0xd23 ./Core/Src/adc.o
 .debug_macro   0x0000000000002154     0xe09e ./Core/Src/adc.o
 .debug_macro   0x00000000000101f2       0x6d ./Core/Src/adc.o
 .debug_macro   0x000000000001025f     0x348d ./Core/Src/adc.o
 .debug_macro   0x00000000000136ec      0x174 ./Core/Src/adc.o
 .debug_macro   0x0000000000013860       0x5c ./Core/Src/adc.o
 .debug_macro   0x00000000000138bc      0x5bc ./Core/Src/adc.o
 .debug_macro   0x0000000000013e78      0x289 ./Core/Src/adc.o
 .debug_macro   0x0000000000014101      0x1cb ./Core/Src/adc.o
 .debug_macro   0x00000000000142cc      0x114 ./Core/Src/adc.o
 .debug_macro   0x00000000000143e0      0x1b2 ./Core/Src/adc.o
 .debug_macro   0x0000000000014592       0x27 ./Core/Src/adc.o
 .debug_macro   0x00000000000145b9      0x136 ./Core/Src/adc.o
 .debug_macro   0x00000000000146ef      0x1bc ./Core/Src/adc.o
 .debug_macro   0x00000000000148ab       0x34 ./Core/Src/adc.o
 .debug_macro   0x00000000000148df       0x3c ./Core/Src/adc.o
 .debug_macro   0x000000000001491b      0x408 ./Core/Src/adc.o
 .debug_macro   0x0000000000014d23       0x57 ./Core/Src/adc.o
 .debug_macro   0x0000000000014d7a      0x46a ./Core/Src/adc.o
 .debug_macro   0x00000000000151e4      0x1b5 ./Core/Src/adc.o
 .debug_macro   0x0000000000015399       0x87 ./Core/Src/adc.o
 .debug_macro   0x0000000000015420      0x240 ./Core/Src/adc.o
 .debug_macro   0x0000000000015660      0x287 ./Core/Src/adc.o
 .debug_macro   0x00000000000158e7      0x140 ./Core/Src/adc.o
 .debug_macro   0x0000000000015a27      0x28e ./Core/Src/adc.o
 .debug_macro   0x0000000000015cb5       0x83 ./Core/Src/adc.o
 .debug_macro   0x0000000000015d38       0x1c ./Core/Src/adc.o
 .debug_macro   0x0000000000015d54      0x1cf ./Core/Src/can.o
 .debug_macro   0x0000000000015f23      0x1cf ./Core/Src/gpio.o
 .debug_macro   0x00000000000160f2      0x1cf ./Core/Src/i2c.o
 .debug_macro   0x00000000000162c1      0x1fb ./Core/Src/main.o
 .debug_macro   0x00000000000164bc      0x1c5 ./Core/Src/stm32f1xx_hal_msp.o
 .debug_macro   0x0000000000016681      0x1cf ./Core/Src/stm32f1xx_it.o
 .debug_macro   0x0000000000016850      0x1b6 ./Core/Src/system_stm32f1xx.o
 .debug_macro   0x0000000000016a06      0x1cf ./Core/Src/usart.o
 .debug_macro   0x0000000000016bd5      0x1da ./Drivers/STM32F1xx_HAL_Driver/stm32f1xx_hal.o
 .debug_macro   0x0000000000016daf      0x1d3 ./Drivers/STM32F1xx_HAL_Driver/stm32f1xx_hal_adc.o
 .debug_macro   0x0000000000016f82      0x1be ./Drivers/STM32F1xx_HAL_Driver/stm32f1xx_hal_can.o
 .debug_macro   0x0000000000017140      0x1b6 ./Drivers/STM32F1xx_HAL_Driver/stm32f1xx_hal_cortex.o
 .debug_macro   0x00000000000172f6      0x221 ./Drivers/STM32F1xx_HAL_Driver/stm32f1xx_hal_gpio.o
 .debug_macro   0x0000000000017517      0x204 ./Drivers/STM32F1xx_HAL_Driver/stm32f1xx_hal_i2c.o
 .debug_macro   0x000000000001771b      0x1c8 ./Drivers/STM32F1xx_HAL_Driver/stm32f1xx_hal_rcc.o
 .debug_macro   0x00000000000178e3      0x1b6 ./Drivers/STM32F1xx_HAL_Driver/stm32f1xx_hal_rcc_ex.o
 .debug_macro   0x0000000000017a99      0x1b7 ./Drivers/STM32F1xx_HAL_Driver/stm32f1xx_hal_uart.o

.debug_line     0x0000000000000000    0x120f7
 .debug_line    0x0000000000000000      0x8ed ./Core/Src/adc.o
 .debug_line    0x00000000000008ed      0x87e ./Core/Src/can.o
 .debug_line    0x000000000000116b      0x83f ./Core/Src/gpio.o
 .debug_line    0x00000000000019aa      0x870 ./Core/Src/i2c.o
 .debug_line    0x000000000000221a      0x8d1 ./Core/Src/main.o
 .debug_line    0x0000000000002aeb      0x80c ./Core/Src/stm32f1xx_hal_msp.o
 .debug_line    0x00000000000032f7      0x8cd ./Core/Src/stm32f1xx_it.o
 .debug_line    0x0000000000003bc4      0x889 ./Core/Src/system_stm32f1xx.o
 .debug_line    0x000000000000444d      0x87a ./Core/Src/usart.o
 .debug_line    0x0000000000004cc7       0x78 ./Core/Startup/startup_stm32f103c8tx.o
 .debug_line    0x0000000000004d3f      0xb02 ./Drivers/STM32F1xx_HAL_Driver/stm32f1xx_hal.o
 .debug_line    0x0000000000005841     0x143f ./Drivers/STM32F1xx_HAL_Driver/stm32f1xx_hal_adc.o
 .debug_line    0x0000000000006c80     0x14af ./Drivers/STM32F1xx_HAL_Driver/stm32f1xx_hal_can.o
 .debug_line    0x000000000000812f      0xd63 ./Drivers/STM32F1xx_HAL_Driver/stm32f1xx_hal_cortex.o
 .debug_line    0x0000000000008e92      0xcfa ./Drivers/STM32F1xx_HAL_Driver/stm32f1xx_hal_gpio.o
 .debug_line    0x0000000000009b8c     0x3ea1 ./Drivers/STM32F1xx_HAL_Driver/stm32f1xx_hal_i2c.o
 .debug_line    0x000000000000da2d     0x10cc ./Drivers/STM32F1xx_HAL_Driver/stm32f1xx_hal_rcc.o
 .debug_line    0x000000000000eaf9      0xa94 ./Drivers/STM32F1xx_HAL_Driver/stm32f1xx_hal_rcc_ex.o
 .debug_line    0x000000000000f58d     0x2b6a ./Drivers/STM32F1xx_HAL_Driver/stm32f1xx_hal_uart.o

.debug_str      0x0000000000000000    0x8852f
 .debug_str     0x0000000000000000    0x84e51 ./Core/Src/adc.o
                                      0x851f7 (size before relaxing)
 .debug_str     0x0000000000084e51      0x2a8 ./Core/Src/can.o
                                      0x85129 (size before relaxing)
 .debug_str     0x00000000000850f9       0x68 ./Core/Src/gpio.o
                                      0x84e3f (size before relaxing)
 .debug_str     0x0000000000085161      0x2a7 ./Core/Src/i2c.o
                                      0x852f9 (size before relaxing)
 .debug_str     0x0000000000085408      0x238 ./Core/Src/main.o
                                      0x85029 (size before relaxing)
 .debug_str     0x0000000000085640       0x50 ./Core/Src/stm32f1xx_hal_msp.o
                                      0x84dc7 (size before relaxing)
 .debug_str     0x0000000000085690       0xc9 ./Core/Src/stm32f1xx_it.o
                                      0x84ddc (size before relaxing)
 .debug_str     0x0000000000085759       0x7e ./Core/Src/system_stm32f1xx.o
                                      0x84da3 (size before relaxing)
 .debug_str     0x00000000000857d7      0x228 ./Core/Src/usart.o
                                      0x85287 (size before relaxing)
 .debug_str     0x00000000000859ff       0x34 ./Core/Startup/startup_stm32f103c8tx.o
                                         0x8d (size before relaxing)
 .debug_str     0x0000000000085a33      0x649 ./Drivers/STM32F1xx_HAL_Driver/stm32f1xx_hal.o
                                      0x8552e (size before relaxing)
 .debug_str     0x000000000008607c      0x3d0 ./Drivers/STM32F1xx_HAL_Driver/stm32f1xx_hal_adc.o
                                      0x854cd (size before relaxing)
 .debug_str     0x000000000008644c      0x5ac ./Drivers/STM32F1xx_HAL_Driver/stm32f1xx_hal_can.o
                                      0x855e9 (size before relaxing)
 .debug_str     0x00000000000869f8      0x2cb ./Drivers/STM32F1xx_HAL_Driver/stm32f1xx_hal_cortex.o
                                      0x85468 (size before relaxing)
 .debug_str     0x0000000000086cc3      0x31e ./Drivers/STM32F1xx_HAL_Driver/stm32f1xx_hal_gpio.o
                                      0x85181 (size before relaxing)
 .debug_str     0x0000000000086fe1      0xbfb ./Drivers/STM32F1xx_HAL_Driver/stm32f1xx_hal_i2c.o
                                      0x85eb0 (size before relaxing)
 .debug_str     0x0000000000087bdc      0x241 ./Drivers/STM32F1xx_HAL_Driver/stm32f1xx_hal_rcc.o
                                      0x85218 (size before relaxing)
 .debug_str     0x0000000000087e1d       0xbc ./Drivers/STM32F1xx_HAL_Driver/stm32f1xx_hal_rcc_ex.o
                                      0x84f68 (size before relaxing)
 .debug_str     0x0000000000087ed9      0x656 ./Drivers/STM32F1xx_HAL_Driver/stm32f1xx_hal_uart.o
                                      0x85889 (size before relaxing)

.debug_frame    0x0000000000000000     0x2f00
 .debug_frame   0x0000000000000000       0xa0 ./Core/Src/adc.o
 .debug_frame   0x00000000000000a0       0x74 ./Core/Src/can.o
 .debug_frame   0x0000000000000114       0x34 ./Core/Src/gpio.o
 .debug_frame   0x0000000000000148       0x74 ./Core/Src/i2c.o
 .debug_frame   0x00000000000001bc       0x90 ./Core/Src/main.o
 .debug_frame   0x000000000000024c       0x38 ./Core/Src/stm32f1xx_hal_msp.o
 .debug_frame   0x0000000000000284      0x104 ./Core/Src/stm32f1xx_it.o
 .debug_frame   0x0000000000000388       0x58 ./Core/Src/system_stm32f1xx.o
 .debug_frame   0x00000000000003e0       0x74 ./Core/Src/usart.o
 .debug_frame   0x0000000000000454      0x334 ./Drivers/STM32F1xx_HAL_Driver/stm32f1xx_hal.o
 .debug_frame   0x0000000000000788      0x408 ./Drivers/STM32F1xx_HAL_Driver/stm32f1xx_hal_adc.o
 .debug_frame   0x0000000000000b90      0x58c ./Drivers/STM32F1xx_HAL_Driver/stm32f1xx_hal_can.o
 .debug_frame   0x000000000000111c      0x424 ./Drivers/STM32F1xx_HAL_Driver/stm32f1xx_hal_cortex.o
 .debug_frame   0x0000000000001540      0x138 ./Drivers/STM32F1xx_HAL_Driver/stm32f1xx_hal_gpio.o
 .debug_frame   0x0000000000001678      0xc70 ./Drivers/STM32F1xx_HAL_Driver/stm32f1xx_hal_i2c.o
 .debug_frame   0x00000000000022e8      0x214 ./Drivers/STM32F1xx_HAL_Driver/stm32f1xx_hal_rcc.o
 .debug_frame   0x00000000000024fc       0x80 ./Drivers/STM32F1xx_HAL_Driver/stm32f1xx_hal_rcc_ex.o
 .debug_frame   0x000000000000257c      0x938 ./Drivers/STM32F1xx_HAL_Driver/stm32f1xx_hal_uart.o
 .debug_frame   0x0000000000002eb4       0x20 C:/ST/STM32CubeIDE_1.13.1/STM32CubeIDE/plugins/com.st.stm32cube.ide.mcu.externaltools.gnu-tools-for-stm32.11.3.rel1.win32_1.1.0.202305231506/tools/bin/../lib/gcc/arm-none-eabi/11.3.1/../../../../arm-none-eabi/lib/thumb/v7-m/nofp\libc_nano.a(libc_a-memset.o)
 .debug_frame   0x0000000000002ed4       0x2c C:/ST/STM32CubeIDE_1.13.1/STM32CubeIDE/plugins/com.st.stm32cube.ide.mcu.externaltools.gnu-tools-for-stm32.11.3.rel1.win32_1.1.0.202305231506/tools/bin/../lib/gcc/arm-none-eabi/11.3.1/../../../../arm-none-eabi/lib/thumb/v7-m/nofp\libc_nano.a(libc_a-init.o)

.debug_line_str
                0x0000000000000000       0x81
 .debug_line_str
                0x0000000000000000       0x81 ./Core/Startup/startup_stm32f103c8tx.o
                                         0x99 (size before relaxing)
