../Core/Src/st7735.c:30:6:ST7735_Reset	8	static
../Core/Src/st7735.c:38:6:ST7735_WriteCommand	16	static
../Core/Src/st7735.c:46:6:ST7735_WriteByte	16	static
../Core/Src/st7735.c:54:6:ST7735_WriteData	16	static
../Core/Src/st7735.c:62:6:ST7735_SetRotation	24	static
../Core/Src/st7735.c:86:6:ST7735_Init	8	static
../Core/Src/st7735.c:181:6:ST7735_SetAddressWindow	32	static
../Core/Src/st7735.c:199:6:ST7735_DrawRectangle	32	static
../Core/Src/st7735.c:217:6:ST7735_DrawChar	48	static
../Core/Src/st7735.c:238:6:ST7735_DrawString	40	static
../Core/Src/st7735.c:256:6:ST7735_FillScreen	24	static
../Core/Src/st7735.c:261:6:ST7735_DrawImage	24	static
