<html>
<body>
<pre>
<h1>µVision Build Log</h1>
<h2>Tool Versions:</h2>
IDE-Version: ¦ÌVision V5.18.0.0
Copyright (C) 2016 ARM Ltd and ARM Germany GmbH. All rights reserved.
License Information: Joker Han, Jokerhan, LIC=8VRJ7-EPXTQ-EV81R-KWUB8-LV2YV-N2114
 
Tool Versions:
Toolchain:       MDK-ARM Standard  Version: 5.18
Toolchain Path:  D:\078KEIL\ARM\ARMCC\Bin
C Compiler:      Armcc.exe V5.06 update 1 (build 61)
Assembler:       Armasm.exe V5.06 update 1 (build 61)
Linker/Locator:  ArmLink.exe V5.06 update 1 (build 61)
Library Manager: ArmAr.exe V5.06 update 1 (build 61)
Hex Converter:   FromElf.exe V5.06 update 1 (build 61)
CPU DLL:         SARMCM3.DLL V5.18
Dialog DLL:      DCM.DLL V1.13.6.0
Target DLL:      CMSIS_AGDI.dll V1.25.7.0
Dialog DLL:      TCM.DLL V1.14.8.0
 
<h2>Project:</h2>
D:\099 Chat Data\Tencent Files\Development-Board-C-Examples-master\8.USART_receive_and_send\MDK-ARM\usart.uvprojx
Project File Date:  04/13/2024

<h2>Output:</h2>
*** Using Compiler 'V5.06 update 1 (build 61)', folder: 'D:\078KEIL\ARM\ARMCC\Bin'
Build target 'usart'
compiling unitreeA1_cmd.c...
..\Src\unitreeA1_cmd.c(35): warning:  #61-D: integer operation result is out of range
          xbit = 1 << 31;
..\Src\unitreeA1_cmd.c(35): warning:  #68-D: integer conversion resulted in a change of sign
          xbit = 1 << 31;
..\Src\unitreeA1_cmd.c(163): warning:  #1035-D: single-precision operand implicitly converted to double-precision
          Date_left.Pos      = (float) (Date_left.motor_recv_data.Mdata.Pos / (16384.0f/2/
I));      // Pos    ??È·
..\Src\unitreeA1_cmd.c: 3 warnings, 0 errors
linking...
Program Size: Code=12498 RO-data=458 RW-data=16 ZI-data=3416  
FromELF: creating hex file...
"usart\usart.axf" - 0 Error(s), 3 Warning(s).

<h2>Software Packages used:</h2>

Package Vendor: ARM
                http://www.keil.com/pack/ARM.CMSIS.4.5.0.pack
                ARM::CMSIS:CORE:4.3.0
                CMSIS (Cortex Microcontroller Software Interface Standard)
   * Component: CORE Version: 4.3.0

<h2>Collection of Component include folders:</h2>
  D:\099 Chat Data\Tencent Files\Development-Board-C-Examples-master\8.USART_receive_and_send\MDK-ARM\RTE
  D:\078KEIL\ARM\PACK\ARM\CMSIS\4.5.0\CMSIS\Include
  D:\078KEIL\ARM\PACK\Keil\STM32F4xx_DFP\2.16.0\Drivers\CMSIS\Device\ST\STM32F4xx\Include

<h2>Collection of Component Files used:</h2>

   * Component: ARM::CMSIS:CORE:4.3.0
Build Time Elapsed:  00:00:02
</pre>
</body>
</html>
